Component: ARM Compiler 5.06 update 6 (build 750) Tool: armlink [4d35ed]

==============================================================================

Section Cross References

    cli.o(i.cli_init) refers to memmovea.o(.text) for __aeabi_memcpy4
    cli.o(i.cli_init) refers to nrf_cli.o(i.nrf_cli_init) for nrf_cli_init
    cli.o(i.cli_init) refers to app_error.o(i.app_error_handler_bare) for app_error_handler_bare
    cli.o(i.cli_init) refers to cli.o(.constdata) for .constdata
    cli.o(i.cli_process) refers to nrf_cli.o(i.nrf_cli_process) for nrf_cli_process
    cli.o(i.cli_process) refers to cli.o(.constdata) for .constdata
    cli.o(i.cli_start) refers to nrf_cli.o(i.nrf_cli_start) for nrf_cli_start
    cli.o(i.cli_start) refers to app_error.o(i.app_error_handler_bare) for app_error_handler_bare
    cli.o(i.cli_start) refers to cli.o(.constdata) for .constdata
    cli.o(i.cli_wrong_param_count_help) refers to nrf_cli.o(i.nrf_cli_fprintf) for nrf_cli_fprintf
    cli.o(i.delete_all_cmd) refers to cli.o(i.nrf_cli_help_requested) for nrf_cli_help_requested
    cli.o(i.delete_all_cmd) refers to nrf_cli.o(i.nrf_cli_help_print) for nrf_cli_help_print
    cli.o(i.delete_all_cmd) refers to cli.o(i.cli_wrong_param_count_help) for cli_wrong_param_count_help
    cli.o(i.delete_all_cmd) refers to main.o(i.delete_all_begin) for delete_all_begin
    cli.o(i.delete_cmd) refers to cli.o(i.nrf_cli_help_requested) for nrf_cli_help_requested
    cli.o(i.delete_cmd) refers to nrf_cli.o(i.nrf_cli_help_print) for nrf_cli_help_print
    cli.o(i.delete_cmd) refers to cli.o(i.cli_wrong_param_count_help) for cli_wrong_param_count_help
    cli.o(i.delete_cmd) refers to strtol.o(.text) for strtol
    cli.o(i.delete_cmd) refers to cli.o(i.record_delete) for record_delete
    cli.o(i.gc_cmd) refers to fds.o(i.fds_gc) for fds_gc
    cli.o(i.gc_cmd) refers to nrf_cli.o(i.nrf_cli_fprintf) for nrf_cli_fprintf
    cli.o(i.gc_cmd) refers to main.o(.data) for fds_err_str
    cli.o(i.print_all_cmd) refers to fds.o(i.fds_record_open) for fds_record_open
    cli.o(i.print_all_cmd) refers to nrf_cli.o(i.nrf_cli_fprintf) for nrf_cli_fprintf
    cli.o(i.print_all_cmd) refers to fds.o(i.fds_record_close) for fds_record_close
    cli.o(i.print_all_cmd) refers to app_error.o(i.app_error_handler_bare) for app_error_handler_bare
    cli.o(i.print_all_cmd) refers to fds.o(i.fds_record_iterate) for fds_record_iterate
    cli.o(i.print_all_cmd) refers to main.o(.data) for fds_err_str
    cli.o(i.print_cfg_cmd) refers to fds.o(i.fds_record_open) for fds_record_open
    cli.o(i.print_cfg_cmd) refers to nrf_cli.o(i.nrf_cli_fprintf) for nrf_cli_fprintf
    cli.o(i.print_cfg_cmd) refers to fds.o(i.fds_record_close) for fds_record_close
    cli.o(i.print_cfg_cmd) refers to app_error.o(i.app_error_handler_bare) for app_error_handler_bare
    cli.o(i.print_cfg_cmd) refers to fds.o(i.fds_record_find) for fds_record_find
    cli.o(i.print_cfg_cmd) refers to main.o(.data) for fds_err_str
    cli.o(i.print_cmd) refers to cli.o(i.nrf_cli_help_requested) for nrf_cli_help_requested
    cli.o(i.print_cmd) refers to nrf_cli.o(i.nrf_cli_help_print) for nrf_cli_help_print
    cli.o(i.print_cmd) refers to cli.o(i.cli_wrong_param_count_help) for cli_wrong_param_count_help
    cli.o(i.print_cmd) refers to nrf_cli.o(i.nrf_cli_fprintf) for nrf_cli_fprintf
    cli.o(i.record_delete) refers to nrf_cli.o(i.nrf_cli_fprintf) for nrf_cli_fprintf
    cli.o(i.record_delete) refers to fds.o(i.fds_record_find) for fds_record_find
    cli.o(i.record_delete) refers to fds.o(i.fds_record_delete) for fds_record_delete
    cli.o(i.record_delete) refers to main.o(.data) for fds_err_str
    cli.o(i.record_delete_next) refers to fds.o(i.fds_record_iterate) for fds_record_iterate
    cli.o(i.record_delete_next) refers to fds.o(i.fds_record_delete) for fds_record_delete
    cli.o(i.record_update) refers to fds.o(i.fds_record_find) for fds_record_find
    cli.o(i.record_update) refers to nrf_cli.o(i.nrf_cli_fprintf) for nrf_cli_fprintf
    cli.o(i.record_update) refers to fds.o(i.fds_record_update) for fds_record_update
    cli.o(i.record_update) refers to cli.o(.constdata) for .constdata
    cli.o(i.record_update) refers to main.o(.data) for fds_err_str
    cli.o(i.record_write) refers to nrf_cli.o(i.nrf_cli_fprintf) for nrf_cli_fprintf
    cli.o(i.record_write) refers to fds.o(i.fds_record_write) for fds_record_write
    cli.o(i.record_write) refers to cli.o(.conststring) for .conststring
    cli.o(i.record_write) refers to main.o(.data) for fds_err_str
    cli.o(i.stat_cmd) refers to cli.o(i.nrf_cli_help_requested) for nrf_cli_help_requested
    cli.o(i.stat_cmd) refers to nrf_cli.o(i.nrf_cli_help_print) for nrf_cli_help_print
    cli.o(i.stat_cmd) refers to memseta.o(.text) for __aeabi_memclr4
    cli.o(i.stat_cmd) refers to fds.o(i.fds_stat) for fds_stat
[...]
    nrf_queue_is_full                        0x0002c04d   Thumb Code    30  nrf_queue.o(i.nrf_queue_is_full)
    nrf_queue_max_utilization_get            0x0002c06b   Thumb Code     6  nrf_queue.o(i.nrf_queue_max_utilization_get)
    nrf_queue_max_utilization_reset          0x0002c071   Thumb Code     8  nrf_queue.o(i.nrf_queue_max_utilization_reset)
    nrf_queue_push                           0x0002c087   Thumb Code   178  nrf_queue.o(i.nrf_queue_push)
    nrf_queue_utilization_get                0x0002c219   Thumb Code    36  nrf_queue.o(i.nrf_queue_utilization_get)
    nrf_ringbuf_alloc                        0x0002c23d   Thumb Code   112  nrf_ringbuf.o(i.nrf_ringbuf_alloc)
    nrf_ringbuf_cpy_get                      0x0002c2ad   Thumb Code   124  nrf_ringbuf.o(i.nrf_ringbuf_cpy_get)
    nrf_ringbuf_cpy_put                      0x0002c329   Thumb Code   114  nrf_ringbuf.o(i.nrf_ringbuf_cpy_put)
    nrf_ringbuf_free                         0x0002c39b   Thumb Code    38  nrf_ringbuf.o(i.nrf_ringbuf_free)
    nrf_ringbuf_get                          0x0002c3c1   Thumb Code   112  nrf_ringbuf.o(i.nrf_ringbuf_get)
    nrf_ringbuf_init                         0x0002c431   Thumb Code    28  nrf_ringbuf.o(i.nrf_ringbuf_init)
    nrf_ringbuf_put                          0x0002c44d   Thumb Code    48  nrf_ringbuf.o(i.nrf_ringbuf_put)
    nrf_sdh_ble_app_ram_start_get            0x0002c47d   Thumb Code    16  nrf_sdh_ble.o(i.nrf_sdh_ble_app_ram_start_get)
    nrf_sdh_ble_default_cfg_set              0x0002c491   Thumb Code   248  nrf_sdh_ble.o(i.nrf_sdh_ble_default_cfg_set)
    nrf_sdh_ble_enable                       0x0002c5a9   Thumb Code   148  nrf_sdh_ble.o(i.nrf_sdh_ble_enable)
    nrf_sdh_disable_request                  0x0002c759   Thumb Code    80  nrf_sdh.o(i.nrf_sdh_disable_request)
    nrf_sdh_enable_request                   0x0002c7ad   Thumb Code   102  nrf_sdh.o(i.nrf_sdh_enable_request)
    nrf_sdh_evts_poll                        0x0002c821   Thumb Code    32  nrf_sdh.o(i.nrf_sdh_evts_poll)
    nrf_sdh_is_enabled                       0x0002c845   Thumb Code     6  nrf_sdh.o(i.nrf_sdh_is_enabled)
    nrf_sdh_request_continue                 0x0002c851   Thumb Code    22  nrf_sdh.o(i.nrf_sdh_request_continue)
    nrf_section_iter_init                    0x0002c8a9   Thumb Code    10  nrf_section_iter.o(i.nrf_section_iter_init)
    nrf_section_iter_next                    0x0002c8d7   Thumb Code    32  nrf_section_iter.o(i.nrf_section_iter_next)
    nrf_strerror_find                        0x0002c8f9   Thumb Code    52  nrf_strerror.o(i.nrf_strerror_find)
    nrf_strerror_get                         0x0002c931   Thumb Code    14  nrf_strerror.o(i.nrf_strerror_get)
    nrfx_prs_acquire                         0x0002c99d   Thumb Code    58  nrfx_prs.o(i.nrfx_prs_acquire)
    nrfx_prs_release                         0x0002c9d7   Thumb Code    18  nrfx_prs.o(i.nrfx_prs_release)
    nrfx_uart_0_irq_handler                  0x0002c9e9   Thumb Code     8  nrfx_uart.o(i.nrfx_uart_0_irq_handler)
    nrfx_uart_init                           0x0002c9f9   Thumb Code   196  nrfx_uart.o(i.nrfx_uart_init)
    nrfx_uart_rx                             0x0002cac9   Thumb Code   230  nrfx_uart.o(i.nrfx_uart_rx)
    nrfx_uart_rx_abort                       0x0002cbb5   Thumb Code    18  nrfx_uart.o(i.nrfx_uart_rx_abort)
    nrfx_uart_tx                             0x0002cbc9   Thumb Code   160  nrfx_uart.o(i.nrfx_uart_tx)
    nrfx_uart_tx_in_progress                 0x0002cc6d   Thumb Code    26  nrfx_uart.o(i.nrfx_uart_tx_in_progress)
    nrfx_uart_uninit                         0x0002cc8d   Thumb Code   170  nrfx_uart.o(i.nrfx_uart_uninit)
    nrfx_uarte_0_irq_handler                 0x0002cd41   Thumb Code     8  nrfx_uarte.o(i.nrfx_uarte_0_irq_handler)
    nrfx_uarte_init                          0x0002cd51   Thumb Code   100  nrfx_uarte.o(i.nrfx_uarte_init)
    nrfx_uarte_rx                            0x0002cdbd   Thumb Code   256  nrfx_uarte.o(i.nrfx_uarte_rx)
    nrfx_uarte_rx_abort                      0x0002cec1   Thumb Code    38  nrfx_uarte.o(i.nrfx_uarte_rx_abort)
    nrfx_uarte_tx                            0x0002ceed   Thumb Code   138  nrfx_uarte.o(i.nrfx_uarte_tx)
    nrfx_uarte_tx_in_progress                0x0002cf7d   Thumb Code    22  nrfx_uarte.o(i.nrfx_uarte_tx_in_progress)
    nrfx_uarte_uninit                        0x0002cf99   Thumb Code   166  nrfx_uarte.o(i.nrfx_uarte_uninit)
    record_delete_next                       0x0002d991   Thumb Code    44  cli.o(i.record_delete_next)
    nrf_cli_print_raw                        0x0002ecf4   Data          16  cli.o(.constdata)
    nrf_cli_write_raw                        0x0002ed04   Data          16  cli.o(.constdata)
    nrf_cli_update_raw                       0x0002ed14   Data          16  cli.o(.constdata)
    nrf_cli_delete_raw                       0x0002ed24   Data          16  cli.o(.constdata)
    nrf_cli_delete_all_raw                   0x0002ed34   Data          16  cli.o(.constdata)
    nrf_cli_gc_raw                           0x0002ed44   Data          16  cli.o(.constdata)
    nrf_cli_stat_raw                         0x0002ed54   Data          16  cli.o(.constdata)
    nrf_cli_balloc_raw                       0x0002edc8   Data          16  nrf_balloc.o(.constdata)
    nrf_log_backend_cli_api                  0x0002edd8   Data          12  nrf_cli.o(.constdata)
    nrf_cli_clear_raw                        0x0002eefc   Data          16  nrf_cli.o(.constdata)
    nrf_cli_cli_raw                          0x0002ef0c   Data          16  nrf_cli.o(.constdata)
    nrf_cli_history_raw                      0x0002ef1c   Data          16  nrf_cli.o(.constdata)
    nrf_cli_resize_raw                       0x0002ef2c   Data          16  nrf_cli.o(.constdata)
    nrf_cli_uart_transport_api               0x0002ef88   Data          20  nrf_cli_uart.o(.constdata)
    nrf_fstorage_sd                          0x0002f01c   Data          32  nrf_fstorage_sd.o(.constdata)
    nrf_cli_queue_raw                        0x0002f064   Data          16  nrf_queue.o(.constdata)
    nrf_log_backend_uart_api                 0x0002f1b0   Data          12  nrf_log_backend_uart.o(.constdata)
    nrf_cli_log_raw                          0x0002f344   Data          16  nrf_log_frontend.o(.constdata)
    m_ram_start                              0x0002f3cc   Data           4  nrf_sdh_ble.o(.constdata)
    __ctype_table                            0x0002f3f8   Data         129  ctype_o.o(.constdata)
    Region$$Table$$Base                      0x000307b0   Number         0  anon$$obj.o(Region$$Table)
    Region$$Table$$Limit                     0x000307d0   Number         0  anon$$obj.o(Region$$Table)
    cli_command$$Base                        0x000307d0   Number         0  cli.o(cli_command)
    nrf_cli_print_const                      0x000307d0   Data           8  cli.o(cli_command)
    nrf_cli_write_const                      0x000307d8   Data           8  cli.o(cli_command)
    nrf_cli_update_const                     0x000307e0   Data           8  cli.o(cli_command)
    nrf_cli_delete_const                     0x000307e8   Data           8  cli.o(cli_command)
    nrf_cli_delete_all_const                 0x000307f0   Data           8  cli.o(cli_command)
    nrf_cli_gc_const                         0x000307f8   Data           8  cli.o(cli_command)
    nrf_cli_stat_const                       0x00030800   Data           8  cli.o(cli_command)
    nrf_cli_balloc_const                     0x00030808   Data           8  nrf_balloc.o(cli_command)
    nrf_cli_clear_const                      0x00030810   Data           8  nrf_cli.o(cli_command)
    nrf_cli_cli_const                        0x00030818   Data           8  nrf_cli.o(cli_command)
    nrf_cli_history_const                    0x00030820   Data           8  nrf_cli.o(cli_command)
    nrf_cli_resize_const                     0x00030828   Data           8  nrf_cli.o(cli_command)
    nrf_cli_queue_const                      0x00030830   Data           8  nrf_queue.o(cli_command)
    nrf_cli_log_const                        0x00030838   Data           8  nrf_log_frontend.o(cli_command)
    cli_command$$Limit                       0x00030840   Number         0  nrf_log_frontend.o(cli_command)
    log_backends$$Base                       0x00030840   Number         0  cli.o(log_backends)
    log_backends$$Limit                      0x00030860   Number         0  nrf_log_default_backends.o(log_backends)
    log_const_data$$Base                     0x00030860   Number         0  cli.o(log_const_data)
    m_nrf_log_queue_m_cli_uart_log_backend_queue_logs_data_const 0x00030860   Data           8  cli.o(log_const_data)
    m_nrf_log_balloc_m_cli_uart_cmd_hist_memobj_logs_data_const 0x00030868   Data           8  cli.o(log_const_data)
    m_nrf_log_PRS_logs_data_const            0x00030870   Data           8  nrfx_prs.o(log_const_data)
    m_nrf_log_UART_logs_data_const           0x00030878   Data           8  nrfx_uart.o(log_const_data)
    m_nrf_log_UARTE_logs_data_const          0x00030880   Data           8  nrfx_uarte.o(log_const_data)
    m_nrf_log_atfifo_m_queue_logs_data_const 0x00030888   Data           8  fds.o(log_const_data)
    m_nrf_log_cli_uart_logs_data_const       0x00030890   Data           8  nrf_cli_uart.o(log_const_data)
    m_nrf_log_nrf_fstorage_logs_data_const   0x00030898   Data           8  nrf_fstorage.o(log_const_data)
    m_nrf_log_atfifo_m_fifo_logs_data_const  0x000308a0   Data           8  nrf_fstorage_sd.o(log_const_data)
    m_nrf_log_pwr_mgmt_logs_data_const       0x000308a8   Data           8  nrf_pwr_mgmt.o(log_const_data)
    m_nrf_log_balloc_log_mempool_logs_data_const 0x000308b0   Data           8  nrf_log_frontend.o(log_const_data)
    m_nrf_log_app_logs_data_const            0x000308b8   Data           8  nrf_log_frontend.o(log_const_data)
    m_nrf_log_nrf_sdh_logs_data_const        0x000308c0   Data           8  nrf_sdh.o(log_const_data)
    m_nrf_log_nrf_sdh_ble_logs_data_const    0x000308c8   Data           8  nrf_sdh_ble.o(log_const_data)
    m_nrf_log_nrf_sdh_soc_logs_data_const    0x000308d0   Data           8  nrf_sdh_soc.o(log_const_data)
    log_const_data$$Limit                    0x000308d8   Number         0  nrf_sdh_soc.o(log_const_data)
    m_cli_uart_cmd_hist_memobj               0x000308d8   Data          28  cli.o(nrf_balloc)
    nrf_balloc$$Base                         0x000308d8   Number         0  cli.o(nrf_balloc)
    log_mempool                              0x000308f4   Data          28  nrf_log_frontend.o(nrf_balloc)
    m_cli_uart_log_backend_queue             0x00030910   Data          28  cli.o(nrf_queue)
    nrf_balloc$$Limit                        0x00030910   Number         0  nrf_log_frontend.o(nrf_balloc)
    nrf_queue$$Base                          0x00030910   Number         0  cli.o(nrf_queue)
    m_req_obs                                0x0003092c   Data           8  nrf_fstorage_sd.o(sdh_req_observers0)
    nrf_queue$$Limit                         0x0003092c   Number         0  cli.o(nrf_queue)
    sdh_req_observers0$$Base                 0x0003092c   Number         0  nrf_fstorage_sd.o(sdh_req_observers0)
    sdh_req_observers0$$Limit                0x00030934   Number         0  nrf_fstorage_sd.o(sdh_req_observers0)
    sdh_soc_observers0$$Base                 0x00030934   Number         0  nrf_fstorage_sd.o(sdh_soc_observers0)
    sdh_soc_observers0$$Limit                0x0003093c   Number         0  nrf_fstorage_sd.o(sdh_soc_observers0)
    sdh_stack_observers0$$Base               0x0003093c   Number         0  nrf_sdh_ble.o(sdh_stack_observers0)
    sdh_stack_observers0$$Limit              0x0003094c   Number         0  nrf_sdh_soc.o(sdh_stack_observers0)
    sdh_state_observers0$$Base               0x0003094c   Number         0  nrf_fstorage_sd.o(sdh_state_observers0)
    sdh_state_observers0$$Limit              0x00030954   Number         0  nrf_fstorage_sd.o(sdh_state_observers0)
    Image$$RW_IRAM1$$Base                    0x20002210   Number         0  anon$$obj.o ABSOLUTE
    fds_err_str                              0x20002250   Data          64  main.o(.data)
    nrf_drv_uart_use_easy_dma                0x200022c0   Data           2  nrf_drv_uart.o(.data)
    m_uart                                   0x20002358   Data          20  nrf_log_backend_uart.o(.data)
    SystemCoreClock                          0x200023f0   Data           4  system_nrf52840.o(.data)
    cli_sorted_cmd_ptrs$$Base                0x200023f8   Number         0  cli.o(cli_sorted_cmd_ptrs)
    print_str_ptr                            0x200023f8   Data           4  cli.o(cli_sorted_cmd_ptrs)
    write_str_ptr                            0x200023fc   Data           4  cli.o(cli_sorted_cmd_ptrs)
    update_str_ptr                           0x20002400   Data           4  cli.o(cli_sorted_cmd_ptrs)
    delete_str_ptr                           0x20002404   Data           4  cli.o(cli_sorted_cmd_ptrs)
    delete_all_str_ptr                       0x20002408   Data           4  cli.o(cli_sorted_cmd_ptrs)
    gc_str_ptr                               0x2000240c   Data           4  cli.o(cli_sorted_cmd_ptrs)
    stat_str_ptr                             0x20002410   Data           4  cli.o(cli_sorted_cmd_ptrs)
    balloc_str_ptr                           0x20002414   Data           4  nrf_balloc.o(cli_sorted_cmd_ptrs)
    clear_str_ptr                            0x20002418   Data           4  nrf_cli.o(cli_sorted_cmd_ptrs)
    cli_str_ptr                              0x2000241c   Data           4  nrf_cli.o(cli_sorted_cmd_ptrs)
    history_str_ptr                          0x20002420   Data           4  nrf_cli.o(cli_sorted_cmd_ptrs)
    resize_str_ptr                           0x20002424   Data           4  nrf_cli.o(cli_sorted_cmd_ptrs)
    queue_str_ptr                            0x20002428   Data           4  nrf_queue.o(cli_sorted_cmd_ptrs)
    log_str_ptr                              0x2000242c   Data           4  nrf_log_frontend.o(cli_sorted_cmd_ptrs)
    fs_data$$Base                            0x20002430   Number         0  fds.o(fs_data)
    m_fs                                     0x20002430   Data          20  fds.o(fs_data)
    fs_data$$Limit                           0x20002444   Number         0  fds.o(fs_data)
    log_dynamic_data$$Base                   0x20002444   Number         0  cli.o(log_dynamic_data)
    m_nrf_log_queue_m_cli_uart_log_backend_queue_logs_data_dynamic 0x20002444   Data           4  cli.o(log_dynamic_data)
    m_nrf_log_balloc_m_cli_uart_cmd_hist_memobj_logs_data_dynamic 0x20002448   Data           4  cli.o(log_dynamic_data)
    m_nrf_log_PRS_logs_data_dynamic          0x2000244c   Data           4  nrfx_prs.o(log_dynamic_data)
    m_nrf_log_UART_logs_data_dynamic         0x20002450   Data           4  nrfx_uart.o(log_dynamic_data)
    m_nrf_log_UARTE_logs_data_dynamic        0x20002454   Data           4  nrfx_uarte.o(log_dynamic_data)
    m_nrf_log_atfifo_m_queue_logs_data_dynamic 0x20002458   Data           4  fds.o(log_dynamic_data)
    m_nrf_log_cli_uart_logs_data_dynamic     0x2000245c   Data           4  nrf_cli_uart.o(log_dynamic_data)
    m_nrf_log_nrf_fstorage_logs_data_dynamic 0x20002460   Data           4  nrf_fstorage.o(log_dynamic_data)
    m_nrf_log_atfifo_m_fifo_logs_data_dynamic 0x20002464   Data           4  nrf_fstorage_sd.o(log_dynamic_data)
    m_nrf_log_pwr_mgmt_logs_data_dynamic     0x20002468   Data           4  nrf_pwr_mgmt.o(log_dynamic_data)
    m_nrf_log_balloc_log_mempool_logs_data_dynamic 0x2000246c   Data           4  nrf_log_frontend.o(log_dynamic_data)
    m_nrf_log_app_logs_data_dynamic          0x20002470   Data           4  nrf_log_frontend.o(log_dynamic_data)
    m_nrf_log_nrf_sdh_logs_data_dynamic      0x20002474   Data           4  nrf_sdh.o(log_dynamic_data)
    m_nrf_log_nrf_sdh_ble_logs_data_dynamic  0x20002478   Data           4  nrf_sdh_ble.o(log_dynamic_data)
    m_nrf_log_nrf_sdh_soc_logs_data_dynamic  0x2000247c   Data           4  nrf_sdh_soc.o(log_dynamic_data)
    log_filter_data$$Base                    0x20002480   Number         0  cli.o(log_filter_data)
    m_nrf_log_queue_m_cli_uart_log_backend_queue_logs_data_filter 0x20002480   Data           4  cli.o(log_filter_data)
    m_nrf_log_balloc_m_cli_uart_cmd_hist_memobj_logs_data_filter 0x20002484   Data           4  cli.o(log_filter_data)
    m_nrf_log_PRS_logs_data_filter           0x20002488   Data           4  nrfx_prs.o(log_filter_data)
    m_nrf_log_UART_logs_data_filter          0x2000248c   Data           4  nrfx_uart.o(log_filter_data)
    m_nrf_log_UARTE_logs_data_filter         0x20002490   Data           4  nrfx_uarte.o(log_filter_data)
    m_nrf_log_atfifo_m_queue_logs_data_filter 0x20002494   Data           4  fds.o(log_filter_data)
    m_nrf_log_cli_uart_logs_data_filter      0x20002498   Data           4  nrf_cli_uart.o(log_filter_data)
    m_nrf_log_nrf_fstorage_logs_data_filter  0x2000249c   Data           4  nrf_fstorage.o(log_filter_data)
    m_nrf_log_atfifo_m_fifo_logs_data_filter 0x200024a0   Data           4  nrf_fstorage_sd.o(log_filter_data)
    m_nrf_log_pwr_mgmt_logs_data_filter      0x200024a4   Data           4  nrf_pwr_mgmt.o(log_filter_data)
    m_nrf_log_balloc_log_mempool_logs_data_filter 0x200024a8   Data           4  nrf_log_frontend.o(log_filter_data)
    m_nrf_log_app_logs_data_filter           0x200024ac   Data           4  nrf_log_frontend.o(log_filter_data)
    m_nrf_log_nrf_sdh_logs_data_filter       0x200024b0   Data           4  nrf_sdh.o(log_filter_data)
    m_nrf_log_nrf_sdh_ble_logs_data_filter   0x200024b4   Data           4  nrf_sdh_ble.o(log_filter_data)
    m_nrf_log_nrf_sdh_soc_logs_data_filter   0x200024b8   Data           4  nrf_sdh_soc.o(log_filter_data)
    log_filter_data$$Limit                   0x200024bc   Number         0  nrf_sdh_soc.o(log_filter_data)
    nrf_nvic_state                           0x20002ae8   Data          12  app_util_platform.o(.bss)
    __initial_sp                             0x20007230   Data           0  arm_startup_nrf52840.o(STACK)



==============================================================================

Memory Map of the image

  Image Entry point : 0x00026201

  Load Region LR_IROM1 (Base: 0x00026000, Size: 0x0000ac00, Max: 0x000da000, ABSOLUTE, COMPRESSED[0x0000aa14])

    Execution Region ER_IROM1 (Exec base: 0x00026000, Load base: 0x00026000, Size: 0x0000a954, Max: 0x000da000, ABSOLUTE)

    Exec Addr    Load Addr    Size         Type   Attr      Idx    E Section Name        Object

    0x00026000   0x00026000   0x00000200   Data   RO         4417    RESET               arm_startup_nrf52840.o
    0x00026200   0x00026200   0x00000000   Code   RO         4458  * .ARM.Collect$$$$00000000  mc_w.l(entry.o)
    0x00026200   0x00026200   0x00000004   Code   RO         4515    .ARM.Collect$$$$00000001  mc_w.l(entry2.o)
    0x00026204   0x00026204   0x00000004   Code   RO         4518    .ARM.Collect$$$$00000004  mc_w.l(entry5.o)
    0x00026208   0x00026208   0x00000000   Code   RO         4520    .ARM.Collect$$$$00000008  mc_w.l(entry7b.o)
    0x00026208   0x00026208   0x00000000   Code   RO         4522    .ARM.Collect$$$$0000000A  mc_w.l(entry8b.o)
    0x00026208   0x00026208   0x00000008   Code   RO         4523    .ARM.Collect$$$$0000000B  mc_w.l(entry9a.o)
    0x00026210   0x00026210   0x00000000   Code   RO         4525    .ARM.Collect$$$$0000000D  mc_w.l(entry10a.o)
    0x00026210   0x00026210   0x00000000   Code   RO         4527    .ARM.Collect$$$$0000000F  mc_w.l(entry11a.o)
    0x00026210   0x00026210   0x00000004   Code   RO         4516    .ARM.Collect$$$$00002712  mc_w.l(entry2.o)
    0x00026214   0x00026214   0x000000c8   Code   RO         2163    .emb_text           nrf_atfifo.o
    0x000262dc   0x000262dc   0x000000e2   Code   RO         2233    .emb_text           nrf_atomic.o
    0x000263be   0x000263be   0x00000002   PAD
    0x000263c0   0x000263c0   0x00000024   Code   RO         4418    .text               arm_startup_nrf52840.o
    0x000263e4   0x000263e4   0x00000008   Code   RO         4461    .text               mc_w.l(ctype_o.o)
    0x000263ec   0x000263ec   0x0000009c   Code   RO         4491    .text               mc_w.l(qsort.o)
    0x00026488   0x00026488   0x00000040   Code   RO         4495    .text               mc_w.l(memmovea.o)
    0x000264c8   0x000264c8   0x00000024   Code   RO         4497    .text               mc_w.l(memseta.o)
    0x000264ec   0x000264ec   0x0000000e   Code   RO         4501    .text               mc_w.l(strlen.o)
    0x000264fa   0x000264fa   0x0000001c   Code   RO         4503    .text               mc_w.l(strcmp.o)
    0x00026516   0x00026516   0x00000012   Code   RO         4505    .text               mc_w.l(strcpy.o)
    0x00026528   0x00026528   0x0000001e   Code   RO         4507    .text               mc_w.l(strncmp.o)
    0x00026546   0x00026546   0x00000070   Code   RO         4513    .text               mc_w.l(strtol.o)
    0x000265b6   0x000265b6   0x0000009e   Code   RO         4536    .text               mc_w.l(_strtoul.o)
    0x00026654   0x00026654   0x00000024   Code   RO         4538    .text               mc_w.l(init.o)
    0x00026678   0x00026678   0x0000001c   Code   RO         4540    .text               mc_w.l(_chval.o)
    0x00026694   0x00026694   0x00000056   Code   RO         4550    .text               mc_w.l(__dczerorl2.o)
    0x000266ea   0x000266ea   0x00000016   Code   RO         1492    i.NVIC_ClearPendingIRQ  app_timer.o
    0x00026700   0x00026700   0x00000016   Code   RO         1493    i.NVIC_EnableIRQ    app_timer.o
    0x00026716   0x00026716   0x00000016   Code   RO         1494    i.NVIC_SetPendingIRQ  app_timer.o
    0x0002672c   0x0002672c   0x00000020   Code   RO         1495    i.NVIC_SetPriority  app_timer.o
    0x0002674c   0x0002674c   0x00000024   Code   RO         1496    i.RTC1_IRQHandler   app_timer.o
    0x00026770   0x00026770   0x00000004   Code   RO         1497    i.SWI0_EGU0_IRQHandler  app_timer.o
    0x00026774   0x00026774   0x00000004   Code   RO         4190    i.SWI2_EGU2_IRQHandler  nrf_sdh.o
    0x00026778   0x00026778   0x000001dc   Code   RO         4426    i.SystemInit        system_nrf52840.o
    0x00026954   0x00026954   0x0000000c   Code   RO          871    i.UARTE0_UART0_IRQHandler  nrfx_prs.o
    0x00026960   0x00026960   0x00000008   Code   RO         4529    i.__aeabi_errno_addr  mc_w.l(errno.o)
    0x00026968   0x00026968   0x0000000e   Code   RO         4544    i.__scatterload_copy  mc_w.l(handlers.o)
    0x00026976   0x00026976   0x00000002   Code   RO         4545    i.__scatterload_null  mc_w.l(handlers.o)
    0x00026978   0x00026978   0x0000000e   Code   RO         4546    i.__scatterload_zeroinit  mc_w.l(handlers.o)
    0x00026986   0x00026986   0x00000002   PAD
    0x00026988   0x00026988   0x00000024   Code   RO         4191    i.__sd_nvic_app_accessible_irq  nrf_sdh.o
    0x000269ac   0x000269ac   0x0000000c   Code   RO         3056    i.addr_is_aligned32  nrf_fstorage.o
    0x000269b8   0x000269b8   0x00000018   Code   RO         3057    i.addr_is_within_bounds  nrf_fstorage.o
    0x000269d0   0x000269d0   0x00000094   Code   RO         1378    i.app_error_fault_handler  app_error_weak.o
    0x00026a64   0x00026a64   0x00000016   Code   RO         1308    i.app_error_handler_bare  app_error.o
    0x00026a7a   0x00026a7a   0x00000002   PAD
    0x00026a7c   0x00026a7c   0x00000028   Code   RO         1500    i.app_timer_create  app_timer.o
    0x00026aa4   0x00026aa4   0x00000054   Code   RO         1501    i.app_timer_init    app_timer.o
    0x00026af8   0x00026af8   0x00000088   Code   RO         1504    i.app_timer_start   app_timer.o
    0x00026b80   0x00026b80   0x00000020   Code   RO         1505    i.app_timer_stop    app_timer.o
    0x00026ba0   0x00026ba0   0x00000048   Code   RO         1681    i.app_util_critical_region_enter  app_util_platform.o
    0x00026be8   0x00026be8   0x00000034   Code   RO         1682    i.app_util_critical_region_exit  app_util_platform.o
    0x00026c1c   0x00026c1c   0x00000076   Code   RO          942    i.apply_config      nrfx_uart.o
    0x00026c92   0x00026c92   0x00000076   Code   RO         1145    i.apply_config      nrfx_uarte.o
    0x00026d08   0x00026d08   0x00000048   Code   RO         3811    i.backend_name_get  nrf_log_frontend.o
    0x00026d50   0x00026d50   0x00000090   Code   RO         3812    i.buf_prealloc      nrf_log_frontend.o
    0x00026de0   0x00026de0   0x0000002e   Code   RO         3016    i.buffer_add        nrf_fprintf_format.o
    0x00026e0e   0x00026e0e   0x00000002   PAD
    0x00026e10   0x00026e10   0x00000014   Code   RO         3813    i.buffer_is_empty   nrf_log_frontend.o
    0x00026e24   0x00026e24   0x000000b8   Code   RO         2434    i.char_backspace    nrf_cli.o
    0x00026edc   0x00026edc   0x00000094   Code   RO         2435    i.char_delete       nrf_cli.o
    0x00026f70   0x00026f70   0x00000140   Code   RO         2436    i.char_insert       nrf_cli.o
    0x000270b0   0x000270b0   0x00000014   Code   RO         2437    i.cli_clear_eos     nrf_cli.o
    0x000270c4   0x000270c4   0x00000014   Code   RO         2438    i.cli_cursor_restore  nrf_cli.o
    0x000270d8   0x000270d8   0x00000014   Code   RO         2439    i.cli_cursor_save   nrf_cli.o
    0x000270ec   0x000270ec   0x000001d0   Code   RO         2440    i.cli_execute       nrf_cli.o
    0x000272bc   0x000272bc   0x0000000c   Code   RO         2441    i.cli_flag_echo_is_set  nrf_cli.o
    0x000272c8   0x000272c8   0x00000040   Code   RO            4    i.cli_init          cli.o
    0x00027308   0x00027308   0x0000016c   Code   RO         2442    i.cli_log_entry_process  nrf_cli.o
    0x00027474   0x00027474   0x0000000c   Code   RO            5    i.cli_process       cli.o
    0x00027480   0x00027480   0x0000000e   Code   RO         2443    i.cli_read          nrf_cli.o
    0x0002748e   0x0002748e   0x00000002   PAD
    0x00027490   0x00027490   0x0000001c   Code   RO            6    i.cli_start         cli.o
    0x000274ac   0x000274ac   0x00000274   Code   RO         2444    i.cli_state_collect  nrf_cli.o
    0x00027720   0x00027720   0x00000028   Code   RO         2445    i.cli_state_set     nrf_cli.o
    0x00027748   0x00027748   0x0000000a   Code   RO         2446    i.cli_strlen        nrf_cli.o
    0x00027752   0x00027752   0x00000002   PAD
    0x00027754   0x00027754   0x00000318   Code   RO         2447    i.cli_tab_handle    nrf_cli.o
    0x00027a6c   0x00027a6c   0x00000014   Code   RO         2448    i.cli_transport_evt_handler  nrf_cli.o
    0x00027a80   0x00027a80   0x0000006c   Code   RO         2882    i.cli_uart_enable   nrf_cli_uart.o
    0x00027aec   0x00027aec   0x0000004c   Code   RO         2883    i.cli_uart_init     nrf_cli_uart.o
    0x00027b38   0x00027b38   0x0000000a   Code   RO         2884    i.cli_uart_read     nrf_cli_uart.o
    0x00027b42   0x00027b42   0x00000016   Code   RO         2885    i.cli_uart_uninit   nrf_cli_uart.o
    0x00027b58   0x00027b58   0x00000068   Code   RO         2886    i.cli_uart_write    nrf_cli_uart.o
    0x00027bc0   0x00027bc0   0x00000058   Code   RO         2449    i.cli_write         nrf_cli.o
    0x00027c18   0x00027c18   0x00000044   Code   RO            7    i.cli_wrong_param_count_help  cli.o
    0x00027c5c   0x00027c5c   0x00000088   Code   RO         2450    i.cmd_get           nrf_cli.o
    0x00027ce4   0x00027ce4   0x0000009a   Code   RO         2451    i.cmd_trim          nrf_cli.o
    0x00027d7e   0x00027d7e   0x00000002   PAD
    0x00027d80   0x00027d80   0x000000ac   Code   RO         1507    i.compare_reg_update  app_timer.o
    0x00027e2c   0x00027e2c   0x00000094   Code   RO         2452    i.completion_insert  nrf_cli.o
    0x00027ec0   0x00027ec0   0x00000036   Code   RO         1749    i.crc16_compute     crc16.o
    0x00027ef6   0x00027ef6   0x00000002   PAD
    0x00027ef8   0x00027ef8   0x00000018   Code   RO         2453    i.cursor_down_move  nrf_cli.o
    0x00027f10   0x00027f10   0x00000052   Code   RO         2454    i.cursor_end_position_move  nrf_cli.o
    0x00027f62   0x00027f62   0x00000054   Code   RO         2455    i.cursor_home_position_move  nrf_cli.o
    0x00027fb6   0x00027fb6   0x00000026   Code   RO         2456    i.cursor_in_empty_line  nrf_cli.o
    0x00027fdc   0x00027fdc   0x00000018   Code   RO         2457    i.cursor_left_move  nrf_cli.o
    0x00027ff4   0x00027ff4   0x0000000c   Code   RO         2458    i.cursor_next_line_move  nrf_cli.o
    0x00028000   0x00028000   0x00000124   Code   RO         2459    i.cursor_position_get  nrf_cli.o
    0x00028124   0x00028124   0x0000006a   Code   RO         2460    i.cursor_position_synchronize  nrf_cli.o
    0x0002818e   0x0002818e   0x00000002   PAD
    0x00028190   0x00028190   0x00000018   Code   RO         2461    i.cursor_right_move  nrf_cli.o
    0x000281a8   0x000281a8   0x00000018   Code   RO         2462    i.cursor_up_move    nrf_cli.o
    0x000281c0   0x000281c0   0x0000000c   Code   RO          415    i.delete_all_begin  main.o
    0x000281cc   0x000281cc   0x00000040   Code   RO            8    i.delete_all_cmd    cli.o
    0x0002820c   0x0002820c   0x0000009c   Code   RO          416    i.delete_all_process  main.o
    0x000282a8   0x000282a8   0x00000058   Code   RO            9    i.delete_cmd        cli.o
    0x00028300   0x00028300   0x00000080   Code   RO         1776    i.delete_execute    fds.o
    0x00028380   0x00028380   0x00000014   Code   RO         3814    i.dropped_sat16_get  nrf_log_frontend.o
    0x00028394   0x00028394   0x00000040   Code   RO         1508    i.elapsed_ticks_acquire  app_timer.o
    0x000283d4   0x000283d4   0x0000004c   Code   RO         3141    i.erase             nrf_fstorage_sd.o
    0x00028420   0x00028420   0x00000074   Code   RO         1777    i.event_prepare     fds.o
    0x00028494   0x00028494   0x00000020   Code   RO         1778    i.event_send        fds.o
    0x000284b4   0x000284b4   0x00000054   Code   RO         3142    i.event_send        nrf_fstorage_sd.o
    0x00028508   0x00028508   0x00000130   Code   RO          417    i.fds_evt_handler   main.o
    0x00028638   0x00028638   0x0000003c   Code   RO         1781    i.fds_gc            fds.o
    0x00028674   0x00028674   0x000000e0   Code   RO         1782    i.fds_init          fds.o
    0x00028754   0x00028754   0x00000040   Code   RO         1783    i.fds_record_close  fds.o
    0x00028794   0x00028794   0x00000040   Code   RO         1784    i.fds_record_delete  fds.o
    0x000287d4   0x000287d4   0x0000000e   Code   RO         1785    i.fds_record_find   fds.o
    0x000287e2   0x000287e2   0x0000000c   Code   RO         1789    i.fds_record_iterate  fds.o
    0x000287ee   0x000287ee   0x00000002   PAD
    0x000287f0   0x000287f0   0x00000078   Code   RO         1790    i.fds_record_open   fds.o
    0x00028868   0x00028868   0x0000000e   Code   RO         1791    i.fds_record_update  fds.o
    0x00028876   0x00028876   0x00000008   Code   RO         1792    i.fds_record_write  fds.o
    0x0002887e   0x0002887e   0x00000002   PAD
    0x00028880   0x00028880   0x0000002c   Code   RO         1794    i.fds_register      fds.o
    0x000288ac   0x000288ac   0x0000009c   Code   RO         1797    i.fds_stat          fds.o
    0x00028948   0x00028948   0x000000f2   Code   RO         2463    i.format_offset_string_print  nrf_cli.o
    0x00028a3a   0x00028a3a   0x00000006   Code   RO         1798    i.fs_event_handler  fds.o
    0x00028a40   0x00028a40   0x00000026   Code   RO         2464    i.full_line_cmd     nrf_cli.o
    0x00028a66   0x00028a66   0x00000002   PAD
    0x00028a68   0x00028a68   0x00000050   Code   RO           10    i.gc_cmd            cli.o
    0x00028ab8   0x00028ab8   0x0000007c   Code   RO         1799    i.gc_execute        fds.o
    0x00028b34   0x00028b34   0x0000004c   Code   RO         1800    i.gc_next_page      fds.o
    0x00028b80   0x00028b80   0x00000040   Code   RO         1801    i.gc_page_erase     fds.o
    0x00028bc0   0x00028bc0   0x00000034   Code   RO         1802    i.gc_record_copy    fds.o
    0x00028bf4   0x00028bf4   0x00000024   Code   RO         1803    i.gc_record_find_next  fds.o
    0x00028c18   0x00028c18   0x00000088   Code   RO         1804    i.gc_state_advance  fds.o
    0x00028ca0   0x00028ca0   0x00000026   Code   RO         1805    i.header_check      fds.o
    0x00028cc6   0x00028cc6   0x00000012   Code   RO         1806    i.header_has_next   fds.o
    0x00028cd8   0x00028cd8   0x00000144   Code   RO         2465    i.history_handle    nrf_cli.o
    0x00028e1c   0x00028e1c   0x00000078   Code   RO         2466    i.history_list_element_add  nrf_cli.o
    0x00028e94   0x00028e94   0x00000068   Code   RO         2467    i.history_list_element_oldest_remove  nrf_cli.o
    0x00028efc   0x00028efc   0x00000086   Code   RO         2468    i.history_save      nrf_cli.o
    0x00028f82   0x00028f82   0x00000002   PAD
    0x00028f84   0x00028f84   0x00000034   Code   RO         3143    i.init              nrf_fstorage_sd.o
    0x00028fb8   0x00028fb8   0x000000c8   Code   RO         1807    i.init_execute      fds.o
    0x00029080   0x00029080   0x000000a6   Code   RO         3017    i.int_print         nrf_fprintf_format.o
    0x00029126   0x00029126   0x00000002   PAD
    0x00029128   0x00029128   0x0000007c   Code   RO         1146    i.interrupts_enable  nrfx_uarte.o
    0x000291a4   0x000291a4   0x00000034   Code   RO         3815    i.invalid_packets_omit  nrf_log_frontend.o
    0x000291d8   0x000291d8   0x00000010   Code   RO         3144    i.is_busy           nrf_fstorage_sd.o
    0x000291e8   0x000291e8   0x00000010   Code   RO         2469    i.is_completion_candidate  nrf_cli.o
    0x000291f8   0x000291f8   0x0000000c   Code   RO         1808    i.is_word_aligned   fds.o
    0x00029204   0x00029204   0x000000f8   Code   RO         1509    i.list_insertions_handler  app_timer.o
    0x000292fc   0x000292fc   0x0000000c   Code   RO         3816    i.log_backend_ctrl  nrf_log_frontend.o
    0x00029308   0x00029308   0x0000000c   Code   RO         3817    i.log_backend_go    nrf_log_frontend.o
    0x00029314   0x00029314   0x0000000c   Code   RO         3818    i.log_backend_halt  nrf_log_frontend.o
    0x00029320   0x00029320   0x0000000c   Code   RO         3819    i.log_backend_status  nrf_log_frontend.o
    0x0002932c   0x0002932c   0x0000005c   Code   RO         3820    i.log_cmd           nrf_log_frontend.o
    0x00029388   0x00029388   0x000000c8   Code   RO         3821    i.log_cmd_backends_list  nrf_log_frontend.o
    0x00029450   0x00029450   0x00000070   Code   RO         3822    i.log_config_load_cmd  nrf_log_frontend.o
    0x000294c0   0x000294c0   0x00000074   Code   RO         3823    i.log_config_store_cmd  nrf_log_frontend.o
    0x00029534   0x00029534   0x000001cc   Code   RO         3824    i.log_ctrl          nrf_log_frontend.o
    0x00029700   0x00029700   0x00000008   Code   RO         3825    i.log_go            nrf_log_frontend.o
    0x00029708   0x00029708   0x00000008   Code   RO         3826    i.log_halt          nrf_log_frontend.o
    0x00029710   0x00029710   0x00000010   Code   RO         3827    i.log_self_ctrl     nrf_log_frontend.o
    0x00029720   0x00029720   0x0000000a   Code   RO         3828    i.log_self_go       nrf_log_frontend.o
    0x0002972a   0x0002972a   0x0000000a   Code   RO         3829    i.log_self_halt     nrf_log_frontend.o
    0x00029734   0x00029734   0x00000010   Code   RO         3830    i.log_self_status   nrf_log_frontend.o
    0x00029744   0x00029744   0x0000009c   Code   RO         3831    i.log_skip          nrf_log_frontend.o
    0x000297e0   0x000297e0   0x00000140   Code   RO         3832    i.log_status        nrf_log_frontend.o
    0x00029920   0x00029920   0x000003fc   Code   RO          418    i.main              main.o
    0x00029d1c   0x00029d1c   0x0000015a   Code   RO         2470    i.make_argv         nrf_cli.o
    0x00029e76   0x00029e76   0x0000007e   Code   RO         3263    i.memobj_op         nrf_memobj.o
    0x00029ef4   0x00029ef4   0x00000026   Code   RO         3833    i.module_id_filter_set  nrf_log_frontend.o
    0x00029f1a   0x00029f1a   0x00000002   PAD
    0x00029f1c   0x00029f1c   0x00000030   Code   RO         3834    i.module_idx_get    nrf_log_frontend.o
    0x00029f4c   0x00029f4c   0x0000001c   Code   RO         3835    i.module_name_get   nrf_log_frontend.o
    0x00029f68   0x00029f68   0x00000050   Code   RO         2471    i.multiline_console_data_check  nrf_cli.o
    0x00029fb8   0x00029fb8   0x00000010   Code   RO         2165    i.nrf_atfifo_clear  nrf_atfifo.o
    0x00029fc8   0x00029fc8   0x00000026   Code   RO         2167    i.nrf_atfifo_init   nrf_atfifo.o
    0x00029fee   0x00029fee   0x00000016   Code   RO         2168    i.nrf_atfifo_item_alloc  nrf_atfifo.o
    0x0002a004   0x0002a004   0x00000016   Code   RO         2169    i.nrf_atfifo_item_free  nrf_atfifo.o
    0x0002a01a   0x0002a01a   0x00000016   Code   RO         2170    i.nrf_atfifo_item_get  nrf_atfifo.o
    0x0002a030   0x0002a030   0x00000016   Code   RO         2171    i.nrf_atfifo_item_put  nrf_atfifo.o
    0x0002a046   0x0002a046   0x00000006   Code   RO         2234    i.nrf_atomic_flag_clear  nrf_atomic.o
    0x0002a04c   0x0002a04c   0x00000006   Code   RO         2235    i.nrf_atomic_flag_clear_fetch  nrf_atomic.o
    0x0002a052   0x0002a052   0x00000006   Code   RO         2236    i.nrf_atomic_flag_set  nrf_atomic.o
    0x0002a058   0x0002a058   0x00000006   Code   RO         2237    i.nrf_atomic_flag_set_fetch  nrf_atomic.o
    0x0002a05e   0x0002a05e   0x0000000c   Code   RO         2238    i.nrf_atomic_u32_add  nrf_atomic.o
    0x0002a06a   0x0002a06a   0x0000000c   Code   RO         2239    i.nrf_atomic_u32_and  nrf_atomic.o
    0x0002a076   0x0002a076   0x0000000a   Code   RO         2241    i.nrf_atomic_u32_fetch_add  nrf_atomic.o
    0x0002a080   0x0002a080   0x0000000a   Code   RO         2242    i.nrf_atomic_u32_fetch_and  nrf_atomic.o
    0x0002a08a   0x0002a08a   0x0000000a   Code   RO         2243    i.nrf_atomic_u32_fetch_or  nrf_atomic.o
    0x0002a094   0x0002a094   0x0000000a   Code   RO         2244    i.nrf_atomic_u32_fetch_store  nrf_atomic.o
    0x0002a09e   0x0002a09e   0x0000000c   Code   RO         2248    i.nrf_atomic_u32_or  nrf_atomic.o
    0x0002a0aa   0x0002a0aa   0x0000000c   Code   RO         2250    i.nrf_atomic_u32_sub  nrf_atomic.o
    0x0002a0b6   0x0002a0b6   0x00000044   Code   RO         2369    i.nrf_balloc_alloc  nrf_balloc.o
    0x0002a0fa   0x0002a0fa   0x00000030   Code   RO         2370    i.nrf_balloc_free   nrf_balloc.o
    0x0002a12a   0x0002a12a   0x00000030   Code   RO         2371    i.nrf_balloc_init   nrf_balloc.o
    0x0002a15a   0x0002a15a   0x00000002   PAD
    0x0002a15c   0x0002a15c   0x000000c8   Code   RO         2372    i.nrf_balloc_status  nrf_balloc.o
    0x0002a224   0x0002a224   0x0000007c   Code   RO         3836    i.nrf_cli_backend_cmd_execute  nrf_log_frontend.o
    0x0002a2a0   0x0002a2a0   0x0000004c   Code   RO         2472    i.nrf_cli_build_in_cmd_common_executed  nrf_cli.o
    0x0002a2ec   0x0002a2ec   0x00000044   Code   RO         2473    i.nrf_cli_cmd_clear  nrf_cli.o
    0x0002a330   0x0002a330   0x00000044   Code   RO         2474    i.nrf_cli_cmd_cli   nrf_cli.o
    0x0002a374   0x0002a374   0x0000006c   Code   RO         2475    i.nrf_cli_cmd_cli_stats  nrf_cli.o
    0x0002a3e0   0x0002a3e0   0x00000030   Code   RO         2476    i.nrf_cli_cmd_cli_stats_reset  nrf_cli.o
    0x0002a410   0x0002a410   0x00000088   Code   RO         2477    i.nrf_cli_cmd_cli_stats_show  nrf_cli.o
    0x0002a498   0x0002a498   0x00000068   Code   RO         2478    i.nrf_cli_cmd_colors  nrf_cli.o
    0x0002a500   0x0002a500   0x0000002a   Code   RO         2479    i.nrf_cli_cmd_colors_off  nrf_cli.o
    0x0002a52a   0x0002a52a   0x0000002a   Code   RO         2480    i.nrf_cli_cmd_colors_on  nrf_cli.o
    0x0002a554   0x0002a554   0x00000098   Code   RO         2481    i.nrf_cli_cmd_echo  nrf_cli.o
    0x0002a5ec   0x0002a5ec   0x0000002a   Code   RO         2482    i.nrf_cli_cmd_echo_off  nrf_cli.o
    0x0002a616   0x0002a616   0x0000002a   Code   RO         2483    i.nrf_cli_cmd_echo_on  nrf_cli.o
    0x0002a640   0x0002a640   0x00000078   Code   RO         2484    i.nrf_cli_cmd_history  nrf_cli.o
    0x0002a6b8   0x0002a6b8   0x000000c4   Code   RO         2485    i.nrf_cli_cmd_resize  nrf_cli.o
    0x0002a77c   0x0002a77c   0x0000003c   Code   RO         2486    i.nrf_cli_cmd_resize_default  nrf_cli.o
    0x0002a7b8   0x0002a7b8   0x00000050   Code   RO         2487    i.nrf_cli_fprintf   nrf_cli.o
    0x0002a808   0x0002a808   0x0000027c   Code   RO         2488    i.nrf_cli_help_print  nrf_cli.o
    0x0002aa84   0x0002aa84   0x0000000c   Code   RO           11    i.nrf_cli_help_requested  cli.o
    0x0002aa90   0x0002aa90   0x0000000c   Code   RO         3837    i.nrf_cli_help_requested  nrf_log_frontend.o
    0x0002aa9c   0x0002aa9c   0x00000032   Code   RO         2489    i.nrf_cli_init      nrf_cli.o
    0x0002aace   0x0002aace   0x00000002   PAD
    0x0002aad0   0x0002aad0   0x000000c0   Code   RO         2490    i.nrf_cli_instance_init  nrf_cli.o
    0x0002ab90   0x0002ab90   0x00000006   Code   RO         2492    i.nrf_cli_print_stream  nrf_cli.o
    0x0002ab96   0x0002ab96   0x00000002   PAD
    0x0002ab98   0x0002ab98   0x00000074   Code   RO         2493    i.nrf_cli_process   nrf_cli.o
    0x0002ac0c   0x0002ac0c   0x00000048   Code   RO         2494    i.nrf_cli_start     nrf_cli.o
    0x0002ac54   0x0002ac54   0x00000068   Code   RO          680    i.nrf_drv_uart_init  nrf_drv_uart.o
    0x0002acbc   0x0002acbc   0x00000020   Code   RO         2887    i.nrf_drv_uart_tx   nrf_cli_uart.o
    0x0002acdc   0x0002acdc   0x00000018   Code   RO         2888    i.nrf_drv_uart_uninit  nrf_cli_uart.o
    0x0002acf4   0x0002acf4   0x0000001a   Code   RO         2986    i.nrf_fprintf       nrf_fprintf.o
    0x0002ad0e   0x0002ad0e   0x00000018   Code   RO         2987    i.nrf_fprintf_buffer_flush  nrf_fprintf.o
    0x0002ad26   0x0002ad26   0x000001da   Code   RO         3018    i.nrf_fprintf_fmt   nrf_fprintf_format.o
    0x0002af00   0x0002af00   0x00000150   Code   RO         3058    i.nrf_fstorage_erase  nrf_fstorage.o
    0x0002b050   0x0002b050   0x000000a0   Code   RO         3059    i.nrf_fstorage_init  nrf_fstorage.o
    0x0002b0f0   0x0002b0f0   0x00000018   Code   RO         3145    i.nrf_fstorage_sdh_req_handler  nrf_fstorage_sd.o
    0x0002b108   0x0002b108   0x00000020   Code   RO         3146    i.nrf_fstorage_sdh_state_handler  nrf_fstorage_sd.o
    0x0002b128   0x0002b128   0x000000a4   Code   RO         3147    i.nrf_fstorage_sys_evt_handler  nrf_fstorage_sd.o
    0x0002b1cc   0x0002b1cc   0x00000200   Code   RO         3065    i.nrf_fstorage_write  nrf_fstorage.o
    0x0002b3cc   0x0002b3cc   0x00000032   Code   RO          943    i.nrf_gpio_cfg      nrfx_uart.o
    0x0002b3fe   0x0002b3fe   0x00000032   Code   RO         1147    i.nrf_gpio_cfg      nrfx_uarte.o
    0x0002b430   0x0002b430   0x00000012   Code   RO          944    i.nrf_gpio_cfg_default  nrfx_uart.o
    0x0002b442   0x0002b442   0x00000012   Code   RO         1148    i.nrf_gpio_cfg_default  nrfx_uarte.o
    0x0002b454   0x0002b454   0x00000012   Code   RO          945    i.nrf_gpio_cfg_input  nrfx_uart.o
    0x0002b466   0x0002b466   0x00000012   Code   RO         1149    i.nrf_gpio_cfg_input  nrfx_uarte.o
    0x0002b478   0x0002b478   0x00000014   Code   RO          946    i.nrf_gpio_cfg_output  nrfx_uart.o
    0x0002b48c   0x0002b48c   0x00000014   Code   RO         1150    i.nrf_gpio_cfg_output  nrfx_uarte.o
    0x0002b4a0   0x0002b4a0   0x0000001c   Code   RO          947    i.nrf_gpio_pin_port_decode  nrfx_uart.o
    0x0002b4bc   0x0002b4bc   0x0000001c   Code   RO         1151    i.nrf_gpio_pin_port_decode  nrfx_uarte.o
    0x0002b4d8   0x0002b4d8   0x00000014   Code   RO          948    i.nrf_gpio_pin_set  nrfx_uart.o
    0x0002b4ec   0x0002b4ec   0x00000014   Code   RO         1152    i.nrf_gpio_pin_set  nrfx_uarte.o
    0x0002b500   0x0002b500   0x00000090   Code   RO         3838    i.nrf_log_backend_add  nrf_log_frontend.o
    0x0002b590   0x0002b590   0x0000001e   Code   RO         2498    i.nrf_log_backend_cli_flush  nrf_cli.o
    0x0002b5ae   0x0002b5ae   0x0000001e   Code   RO         2499    i.nrf_log_backend_cli_panic_set  nrf_cli.o
    0x0002b5cc   0x0002b5cc   0x00000052   Code   RO         2500    i.nrf_log_backend_cli_put  nrf_cli.o
    0x0002b61e   0x0002b61e   0x000000c8   Code   RO         3668    i.nrf_log_backend_serial_put  nrf_log_backend_serial.o
    0x0002b6e6   0x0002b6e6   0x00000002   Code   RO         3705    i.nrf_log_backend_uart_flush  nrf_log_backend_uart.o
    0x0002b6e8   0x0002b6e8   0x0000002c   Code   RO         3707    i.nrf_log_backend_uart_panic_set  nrf_log_backend_uart.o
    0x0002b714   0x0002b714   0x00000018   Code   RO         3708    i.nrf_log_backend_uart_put  nrf_log_backend_uart.o
    0x0002b72c   0x0002b72c   0x00000030   Code   RO         3840    i.nrf_log_color_id_get  nrf_log_frontend.o
    0x0002b75c   0x0002b75c   0x000000b0   Code   RO         3841    i.nrf_log_config_load  nrf_log_frontend.o
    0x0002b80c   0x0002b80c   0x00000108   Code   RO         3842    i.nrf_log_config_store  nrf_log_frontend.o
    0x0002b914   0x0002b914   0x00000278   Code   RO         3843    i.nrf_log_frontend_dequeue  nrf_log_frontend.o
    0x0002bb8c   0x0002bb8c   0x00000008   Code   RO         3845    i.nrf_log_frontend_std_0  nrf_log_frontend.o
    0x0002bb94   0x0002bb94   0x0000000e   Code   RO         3846    i.nrf_log_frontend_std_1  nrf_log_frontend.o
    0x0002bba2   0x0002bba2   0x00000010   Code   RO         3847    i.nrf_log_frontend_std_2  nrf_log_frontend.o
    0x0002bbb2   0x0002bbb2   0x00000012   Code   RO         3848    i.nrf_log_frontend_std_3  nrf_log_frontend.o
    0x0002bbc4   0x0002bbc4   0x000000b0   Code   RO         4141    i.nrf_log_hexdump_entry_process  nrf_log_str_formatter.o
    0x0002bc74   0x0002bc74   0x000000b0   Code   RO         3852    i.nrf_log_init      nrf_log_frontend.o
    0x0002bd24   0x0002bd24   0x00000014   Code   RO         3853    i.nrf_log_module_cnt_get  nrf_log_frontend.o
    0x0002bd38   0x0002bd38   0x00000048   Code   RO         3854    i.nrf_log_module_filter_get  nrf_log_frontend.o
    0x0002bd80   0x0002bd80   0x00000050   Code   RO         3855    i.nrf_log_module_filter_set  nrf_log_frontend.o
    0x0002bdd0   0x0002bdd0   0x0000001c   Code   RO         3856    i.nrf_log_module_name_get  nrf_log_frontend.o
    0x0002bdec   0x0002bdec   0x0000002c   Code   RO         3857    i.nrf_log_panic     nrf_log_frontend.o
    0x0002be18   0x0002be18   0x000000b6   Code   RO         4142    i.nrf_log_std_entry_process  nrf_log_str_formatter.o
    0x0002bece   0x0002bece   0x00000060   Code   RO         3264    i.nrf_memobj_alloc  nrf_memobj.o
    0x0002bf2e   0x0002bf2e   0x00000032   Code   RO         3265    i.nrf_memobj_free   nrf_memobj.o
    0x0002bf60   0x0002bf60   0x00000008   Code   RO         3266    i.nrf_memobj_get    nrf_memobj.o
    0x0002bf68   0x0002bf68   0x00000004   Code   RO         3267    i.nrf_memobj_pool_init  nrf_memobj.o
    0x0002bf6c   0x0002bf6c   0x0000001e   Code   RO         3268    i.nrf_memobj_put    nrf_memobj.o
    0x0002bf8a   0x0002bf8a   0x00000010   Code   RO         3269    i.nrf_memobj_read   nrf_memobj.o
    0x0002bf9a   0x0002bf9a   0x00000010   Code   RO         3270    i.nrf_memobj_write  nrf_memobj.o
    0x0002bfaa   0x0002bfaa   0x00000002   Code   RO         3341    i.nrf_pwr_mgmt_feed  nrf_pwr_mgmt.o
    0x0002bfac   0x0002bfac   0x0000008e   Code   RO         3413    i.nrf_queue_generic_pop  nrf_queue.o
    0x0002c03a   0x0002c03a   0x00000012   Code   RO         3415    i.nrf_queue_is_empty  nrf_queue.o
    0x0002c04c   0x0002c04c   0x0000001e   Code   RO         3416    i.nrf_queue_is_full  nrf_queue.o
    0x0002c06a   0x0002c06a   0x00000006   Code   RO         3417    i.nrf_queue_max_utilization_get  nrf_queue.o
    0x0002c070   0x0002c070   0x00000008   Code   RO         3418    i.nrf_queue_max_utilization_reset  nrf_queue.o
    0x0002c078   0x0002c078   0x0000000e   Code   RO         3419    i.nrf_queue_next_idx  nrf_queue.o
    0x0002c086   0x0002c086   0x000000b2   Code   RO         3421    i.nrf_queue_push    nrf_queue.o
    0x0002c138   0x0002c138   0x000000e0   Code   RO         3424    i.nrf_queue_status  nrf_queue.o
    0x0002c218   0x0002c218   0x00000024   Code   RO         3425    i.nrf_queue_utilization_get  nrf_queue.o
    0x0002c23c   0x0002c23c   0x00000070   Code   RO         3540    i.nrf_ringbuf_alloc  nrf_ringbuf.o
    0x0002c2ac   0x0002c2ac   0x0000007c   Code   RO         3541    i.nrf_ringbuf_cpy_get  nrf_ringbuf.o
    0x0002c328   0x0002c328   0x00000072   Code   RO         3542    i.nrf_ringbuf_cpy_put  nrf_ringbuf.o
    0x0002c39a   0x0002c39a   0x00000026   Code   RO         3543    i.nrf_ringbuf_free  nrf_ringbuf.o
    0x0002c3c0   0x0002c3c0   0x00000070   Code   RO         3544    i.nrf_ringbuf_get   nrf_ringbuf.o
    0x0002c430   0x0002c430   0x0000001c   Code   RO         3545    i.nrf_ringbuf_init  nrf_ringbuf.o
    0x0002c44c   0x0002c44c   0x00000030   Code   RO         3546    i.nrf_ringbuf_put   nrf_ringbuf.o
    0x0002c47c   0x0002c47c   0x00000014   Code   RO         4309    i.nrf_sdh_ble_app_ram_start_get  nrf_sdh_ble.o
    0x0002c490   0x0002c490   0x00000118   Code   RO         4310    i.nrf_sdh_ble_default_cfg_set  nrf_sdh_ble.o
    0x0002c5a8   0x0002c5a8   0x00000154   Code   RO         4311    i.nrf_sdh_ble_enable  nrf_sdh_ble.o
    0x0002c6fc   0x0002c6fc   0x0000005c   Code   RO         4312    i.nrf_sdh_ble_evts_poll  nrf_sdh_ble.o
    0x0002c758   0x0002c758   0x00000054   Code   RO         4192    i.nrf_sdh_disable_request  nrf_sdh.o
    0x0002c7ac   0x0002c7ac   0x00000074   Code   RO         4193    i.nrf_sdh_enable_request  nrf_sdh.o
    0x0002c820   0x0002c820   0x00000024   Code   RO         4194    i.nrf_sdh_evts_poll  nrf_sdh.o
    0x0002c844   0x0002c844   0x0000000c   Code   RO         4195    i.nrf_sdh_is_enabled  nrf_sdh.o
    0x0002c850   0x0002c850   0x0000001c   Code   RO         4197    i.nrf_sdh_request_continue  nrf_sdh.o
    0x0002c86c   0x0002c86c   0x0000003c   Code   RO         4385    i.nrf_sdh_soc_evts_poll  nrf_sdh_soc.o
    0x0002c8a8   0x0002c8a8   0x0000000a   Code   RO         3600    i.nrf_section_iter_init  nrf_section_iter.o
    0x0002c8b2   0x0002c8b2   0x00000024   Code   RO         3601    i.nrf_section_iter_item_set  nrf_section_iter.o
    0x0002c8d6   0x0002c8d6   0x00000020   Code   RO         3602    i.nrf_section_iter_next  nrf_section_iter.o
    0x0002c8f6   0x0002c8f6   0x00000002   PAD
    0x0002c8f8   0x0002c8f8   0x00000038   Code   RO         3635    i.nrf_strerror_find  nrf_strerror.o
    0x0002c930   0x0002c930   0x00000014   Code   RO         3636    i.nrf_strerror_get  nrf_strerror.o
    0x0002c944   0x0002c944   0x0000000a   Code   RO          949    i.nrf_uart_event_check  nrfx_uart.o
    0x0002c94e   0x0002c94e   0x0000000c   Code   RO          950    i.nrf_uart_event_clear  nrfx_uart.o
    0x0002c95a   0x0002c95a   0x0000000c   Code   RO          951    i.nrf_uart_int_enable_check  nrfx_uart.o
    0x0002c966   0x0002c966   0x0000000a   Code   RO         1153    i.nrf_uarte_event_check  nrfx_uarte.o
    0x0002c970   0x0002c970   0x0000000c   Code   RO         1154    i.nrf_uarte_event_clear  nrfx_uarte.o
    0x0002c97c   0x0002c97c   0x00000010   Code   RO         1510    i.nrfx_coredep_delay_us  app_timer.o
    0x0002c98c   0x0002c98c   0x00000010   Code   RO         1155    i.nrfx_is_in_ram    nrfx_uarte.o
    0x0002c99c   0x0002c99c   0x0000003a   Code   RO          872    i.nrfx_prs_acquire  nrfx_prs.o
    0x0002c9d6   0x0002c9d6   0x00000012   Code   RO          873    i.nrfx_prs_release  nrfx_prs.o
    0x0002c9e8   0x0002c9e8   0x00000010   Code   RO          952    i.nrfx_uart_0_irq_handler  nrfx_uart.o
    0x0002c9f8   0x0002c9f8   0x000000d0   Code   RO          954    i.nrfx_uart_init    nrfx_uart.o
    0x0002cac8   0x0002cac8   0x000000ec   Code   RO          955    i.nrfx_uart_rx      nrfx_uart.o
    0x0002cbb4   0x0002cbb4   0x00000012   Code   RO          956    i.nrfx_uart_rx_abort  nrfx_uart.o
    0x0002cbc6   0x0002cbc6   0x00000002   PAD
    0x0002cbc8   0x0002cbc8   0x000000a4   Code   RO          960    i.nrfx_uart_tx      nrfx_uart.o
    0x0002cc6c   0x0002cc6c   0x00000020   Code   RO          962    i.nrfx_uart_tx_in_progress  nrfx_uart.o
    0x0002cc8c   0x0002cc8c   0x000000b4   Code   RO          963    i.nrfx_uart_uninit  nrfx_uart.o
    0x0002cd40   0x0002cd40   0x00000010   Code   RO         1156    i.nrfx_uarte_0_irq_handler  nrfx_uarte.o
    0x0002cd50   0x0002cd50   0x0000006c   Code   RO         1158    i.nrfx_uarte_init   nrfx_uarte.o
    0x0002cdbc   0x0002cdbc   0x00000104   Code   RO         1159    i.nrfx_uarte_rx     nrfx_uarte.o
    0x0002cec0   0x0002cec0   0x0000002c   Code   RO         1160    i.nrfx_uarte_rx_abort  nrfx_uarte.o
    0x0002ceec   0x0002ceec   0x00000090   Code   RO         1162    i.nrfx_uarte_tx     nrfx_uarte.o
    0x0002cf7c   0x0002cf7c   0x0000001c   Code   RO         1164    i.nrfx_uarte_tx_in_progress  nrfx_uarte.o
    0x0002cf98   0x0002cf98   0x000000b0   Code   RO         1165    i.nrfx_uarte_uninit  nrfx_uarte.o
    0x0002d048   0x0002d048   0x00000090   Code   RO         2501    i.option_print      nrf_cli.o
    0x0002d0d8   0x0002d0d8   0x00000024   Code   RO         1809    i.page_identify     fds.o
    0x0002d0fc   0x0002d0fc   0x0000001c   Code   RO         1810    i.page_offsets_update  fds.o
    0x0002d118   0x0002d118   0x0000006c   Code   RO         1811    i.page_scan         fds.o
    0x0002d184   0x0002d184   0x0000001c   Code   RO         1812    i.page_tag_write_data  fds.o
    0x0002d1a0   0x0002d1a0   0x00000024   Code   RO         1813    i.page_tag_write_swap  fds.o
    0x0002d1c4   0x0002d1c4   0x0000011c   Code   RO         1814    i.pages_init        fds.o
    0x0002d2e0   0x0002d2e0   0x0000003c   Code   RO         4144    i.postfix_process   nrf_log_str_formatter.o
    0x0002d31c   0x0002d31c   0x00000098   Code   RO         4145    i.prefix_process    nrf_log_str_formatter.o
    0x0002d3b4   0x0002d3b4   0x00000134   Code   RO           12    i.print_all_cmd     cli.o
    0x0002d4e8   0x0002d4e8   0x00000138   Code   RO           13    i.print_cfg_cmd     cli.o
    0x0002d620   0x0002d620   0x00000080   Code   RO           14    i.print_cmd         cli.o
    0x0002d6a0   0x0002d6a0   0x00000018   Code   RO          874    i.prs_box_get       nrfx_prs.o
    0x0002d6b8   0x0002d6b8   0x0000001c   Code   RO         1815    i.queue_buf_get     fds.o
    0x0002d6d4   0x0002d6d4   0x00000010   Code   RO         1816    i.queue_buf_store   fds.o
    0x0002d6e4   0x0002d6e4   0x00000014   Code   RO         3148    i.queue_free        nrf_fstorage_sd.o
    0x0002d6f8   0x0002d6f8   0x000000a0   Code   RO         1817    i.queue_process     fds.o
    0x0002d798   0x0002d798   0x000000a0   Code   RO         3149    i.queue_process     nrf_fstorage_sd.o
    0x0002d838   0x0002d838   0x0000001c   Code   RO         1818    i.queue_start       fds.o
    0x0002d854   0x0002d854   0x00000024   Code   RO         3150    i.queue_start       nrf_fstorage_sd.o
    0x0002d878   0x0002d878   0x00000018   Code   RO         3428    i.queue_utilization_get  nrf_queue.o
    0x0002d890   0x0002d890   0x0000000e   Code   RO         3151    i.read              nrf_fstorage_sd.o
    0x0002d89e   0x0002d89e   0x00000002   PAD
    0x0002d8a0   0x0002d8a0   0x000000f0   Code   RO           15    i.record_delete     cli.o
    0x0002d990   0x0002d990   0x0000002c   Code   RO           16    i.record_delete_next  cli.o
    0x0002d9bc   0x0002d9bc   0x00000088   Code   RO         1819    i.record_find       fds.o
    0x0002da44   0x0002da44   0x000000a0   Code   RO         1820    i.record_find_by_desc  fds.o
    0x0002dae4   0x0002dae4   0x0000005c   Code   RO         1821    i.record_find_next  fds.o
    0x0002db40   0x0002db40   0x00000038   Code   RO         1822    i.record_header_flag_dirty  fds.o
    0x0002db78   0x0002db78   0x000000b8   Code   RO           17    i.record_update     cli.o
    0x0002dc30   0x0002dc30   0x0000007c   Code   RO           18    i.record_write      cli.o
    0x0002dcac   0x0002dcac   0x00000088   Code   RO         1823    i.records_stat      fds.o
    0x0002dd34   0x0002dd34   0x00000004   Code   RO         3152    i.rmap              nrf_fstorage_sd.o
    0x0002dd38   0x0002dd38   0x0000003c   Code   RO         1511    i.rtc1_stop         app_timer.o
    0x0002dd74   0x0002dd74   0x00000032   Code   RO          964    i.rx_byte           nrfx_uart.o
    0x0002dda6   0x0002dda6   0x00000016   Code   RO          965    i.rx_done_event     nrfx_uart.o
    0x0002ddbc   0x0002ddbc   0x00000016   Code   RO         1166    i.rx_done_event     nrfx_uarte.o
    0x0002ddd2   0x0002ddd2   0x00000020   Code   RO          966    i.rx_enable         nrfx_uart.o
    0x0002ddf2   0x0002ddf2   0x00000002   PAD
    0x0002ddf4   0x0002ddf4   0x00000054   Code   RO         2889    i.rx_try            nrf_cli_uart.o
    0x0002de48   0x0002de48   0x00000030   Code   RO         4200    i.sdh_request_observer_notify  nrf_sdh.o
    0x0002de78   0x0002de78   0x0000002c   Code   RO         4201    i.sdh_state_observer_notify  nrf_sdh.o
    0x0002dea4   0x0002dea4   0x00000040   Code   RO         3709    i.serial_tx         nrf_log_backend_uart.o
    0x0002dee4   0x0002dee4   0x00000024   Code   RO         3859    i.severity_lvl_get  nrf_log_frontend.o
    0x0002df08   0x0002df08   0x00000038   Code   RO         4202    i.softdevice_evt_irq_disable  nrf_sdh.o
    0x0002df40   0x0002df40   0x00000058   Code   RO         4203    i.softdevices_evt_irq_enable  nrf_sdh.o
    0x0002df98   0x0002df98   0x00000068   Code   RO           19    i.stat_cmd          cli.o
    0x0002e000   0x0002e000   0x0000008c   Code   RO         3860    i.std_n             nrf_log_frontend.o
    0x0002e08c   0x0002e08c   0x00000008   Code   RO         2502    i.string_cmp        nrf_cli.o
    0x0002e094   0x0002e094   0x00000060   Code   RO         2503    i.terminal_size_get  nrf_cli.o
    0x0002e0f4   0x0002e0f4   0x0000001c   Code   RO         2890    i.timer_handler     nrf_cli_uart.o
    0x0002e110   0x0002e110   0x00000080   Code   RO         1512    i.timer_list_handler  app_timer.o
    0x0002e190   0x0002e190   0x0000003c   Code   RO         1513    i.timer_list_insert  app_timer.o
    0x0002e1cc   0x0002e1cc   0x00000060   Code   RO         1514    i.timer_list_remove  app_timer.o
    0x0002e22c   0x0002e22c   0x00000048   Code   RO         1515    i.timer_stop_op_schedule  app_timer.o
    0x0002e274   0x0002e274   0x00000074   Code   RO         1516    i.timer_timeouts_check  app_timer.o
    0x0002e2e8   0x0002e2e8   0x00000020   Code   RO          967    i.tx_byte           nrfx_uart.o
    0x0002e308   0x0002e308   0x0000001a   Code   RO          968    i.tx_done_event     nrfx_uart.o
    0x0002e322   0x0002e322   0x0000006e   Code   RO         2891    i.uart_event_handler  nrf_cli_uart.o
    0x0002e390   0x0002e390   0x00000030   Code   RO          681    i.uart_evt_handler  nrf_drv_uart.o
    0x0002e3c0   0x0002e3c0   0x0000000c   Code   RO         3710    i.uart_evt_handler  nrf_log_backend_uart.o
    0x0002e3cc   0x0002e3cc   0x00000050   Code   RO         3711    i.uart_init         nrf_log_backend_uart.o
    0x0002e41c   0x0002e41c   0x00000128   Code   RO          969    i.uart_irq_handler  nrfx_uart.o
    0x0002e544   0x0002e544   0x00000030   Code   RO          682    i.uarte_evt_handler  nrf_drv_uart.o
    0x0002e574   0x0002e574   0x000000f2   Code   RO         1167    i.uarte_irq_handler  nrfx_uarte.o
    0x0002e666   0x0002e666   0x00000002   PAD
    0x0002e668   0x0002e668   0x00000020   Code   RO         3153    i.uninit            nrf_fstorage_sd.o
    0x0002e688   0x0002e688   0x000000b4   Code   RO         3019    i.unsigned_print    nrf_fprintf_format.o
    0x0002e73c   0x0002e73c   0x000000d8   Code   RO           20    i.update_cmd        cli.o
    0x0002e814   0x0002e814   0x00000030   Code   RO         1517    i.user_op_alloc     app_timer.o
    0x0002e844   0x0002e844   0x0000003c   Code   RO         2504    i.vt100_bgcolor_set  nrf_cli.o
    0x0002e880   0x0002e880   0x00000050   Code   RO         2505    i.vt100_color_set   nrf_cli.o
    0x0002e8d0   0x0002e8d0   0x00000004   Code   RO         3154    i.wmap              nrf_fstorage_sd.o
    0x0002e8d4   0x0002e8d4   0x00000050   Code   RO         3155    i.write             nrf_fstorage_sd.o
    0x0002e924   0x0002e924   0x00000094   Code   RO           21    i.write_cmd         cli.o
    0x0002e9b8   0x0002e9b8   0x00000110   Code   RO         1824    i.write_enqueue     fds.o
    0x0002eac8   0x0002eac8   0x000000f4   Code   RO         1825    i.write_execute     fds.o
    0x0002ebbc   0x0002ebbc   0x00000018   Code   RO         1826    i.write_space_free  fds.o
    0x0002ebd4   0x0002ebd4   0x0000005c   Code   RO         1827    i.write_space_reserve  fds.o
    0x0002ec30   0x0002ec30   0x00000004   Data   RO           33    .constdata          cli.o
    0x0002ec34   0x0002ec34   0x0000000c   Data   RO           34    .constdata          cli.o
    0x0002ec40   0x0002ec40   0x0000000c   Data   RO           35    .constdata          cli.o
    0x0002ec4c   0x0002ec4c   0x00000014   Data   RO           36    .constdata          cli.o
    0x0002ec60   0x0002ec60   0x00000018   Data   RO           37    .constdata          cli.o
    0x0002ec78   0x0002ec78   0x00000044   Data   RO           38    .constdata          cli.o
    0x0002ecbc   0x0002ecbc   0x00000008   Data   RO           39    .constdata          cli.o
    0x0002ecc4   0x0002ecc4   0x00000030   Data   RO           40    .constdata          cli.o
    0x0002ecf4   0x0002ecf4   0x00000010   Data   RO           41    .constdata          cli.o
    0x0002ed04   0x0002ed04   0x00000010   Data   RO           42    .constdata          cli.o
    0x0002ed14   0x0002ed14   0x00000010   Data   RO           43    .constdata          cli.o
    0x0002ed24   0x0002ed24   0x00000010   Data   RO           44    .constdata          cli.o
    0x0002ed34   0x0002ed34   0x00000010   Data   RO           45    .constdata          cli.o
    0x0002ed44   0x0002ed44   0x00000010   Data   RO           46    .constdata          cli.o
    0x0002ed54   0x0002ed54   0x00000010   Data   RO           47    .constdata          cli.o
    0x0002ed64   0x0002ed64   0x0000000c   Data   RO          419    .constdata          main.o
    0x0002ed70   0x0002ed70   0x00000004   Data   RO          972    .constdata          nrfx_uart.o
    0x0002ed74   0x0002ed74   0x00000004   Data   RO         1170    .constdata          nrfx_uarte.o
    0x0002ed78   0x0002ed78   0x00000008   PAD
    0x0002ed80   0x0002ed80   0x00000006   Data   RO         1519    .constdata          app_timer.o
    0x0002ed86   0x0002ed86   0x00000002   PAD
    0x0002ed88   0x0002ed88   0x00000018   Data   RO         1829    .constdata          fds.o
    0x0002eda0   0x0002eda0   0x00000008   Data   RO         2373    .constdata          nrf_balloc.o
    0x0002eda8   0x0002eda8   0x00000020   Data   RO         2374    .constdata          nrf_balloc.o
    0x0002edc8   0x0002edc8   0x00000010   Data   RO         2375    .constdata          nrf_balloc.o
    0x0002edd8   0x0002edd8   0x0000000c   Data   RO         2506    .constdata          nrf_cli.o
    0x0002ede4   0x0002ede4   0x00000008   Data   RO         2507    .constdata          nrf_cli.o
    0x0002edec   0x0002edec   0x00000030   Data   RO         2508    .constdata          nrf_cli.o
    0x0002ee1c   0x0002ee1c   0x00000008   Data   RO         2509    .constdata          nrf_cli.o
    0x0002ee24   0x0002ee24   0x00000030   Data   RO         2510    .constdata          nrf_cli.o
    0x0002ee54   0x0002ee54   0x00000008   Data   RO         2511    .constdata          nrf_cli.o
    0x0002ee5c   0x0002ee5c   0x00000030   Data   RO         2512    .constdata          nrf_cli.o
    0x0002ee8c   0x0002ee8c   0x00000008   Data   RO         2513    .constdata          nrf_cli.o
    0x0002ee94   0x0002ee94   0x00000040   Data   RO         2514    .constdata          nrf_cli.o
    0x0002eed4   0x0002eed4   0x00000008   Data   RO         2515    .constdata          nrf_cli.o
    0x0002eedc   0x0002eedc   0x00000020   Data   RO         2516    .constdata          nrf_cli.o
    0x0002eefc   0x0002eefc   0x00000010   Data   RO         2517    .constdata          nrf_cli.o
    0x0002ef0c   0x0002ef0c   0x00000010   Data   RO         2518    .constdata          nrf_cli.o
    0x0002ef1c   0x0002ef1c   0x00000010   Data   RO         2519    .constdata          nrf_cli.o
    0x0002ef2c   0x0002ef2c   0x00000010   Data   RO         2520    .constdata          nrf_cli.o
    0x0002ef3c   0x0002ef3c   0x00000004   PAD
    0x0002ef40   0x0002ef40   0x00000047   Data   RO         2521    .constdata          nrf_cli.o
    0x0002ef87   0x0002ef87   0x00000001   PAD
    0x0002ef88   0x0002ef88   0x00000014   Data   RO         2892    .constdata          nrf_cli_uart.o
    0x0002ef9c   0x0002ef9c   0x00000010   Data   RO         3020    .constdata          nrf_fprintf_format.o
    0x0002efac   0x0002efac   0x0000005e   Data   RO         3066    .constdata          nrf_fstorage.o
    0x0002f00a   0x0002f00a   0x00000002   PAD
    0x0002f00c   0x0002f00c   0x00000010   Data   RO         3157    .constdata          nrf_fstorage_sd.o
    0x0002f01c   0x0002f01c   0x00000020   Data   RO         3158    .constdata          nrf_fstorage_sd.o
    0x0002f03c   0x0002f03c   0x00000008   Data   RO         3430    .constdata          nrf_queue.o
    0x0002f044   0x0002f044   0x00000020   Data   RO         3431    .constdata          nrf_queue.o
    0x0002f064   0x0002f064   0x00000010   Data   RO         3432    .constdata          nrf_queue.o
    0x0002f074   0x0002f074   0x0000013c   Data   RO         3637    .constdata          nrf_strerror.o
    0x0002f1b0   0x0002f1b0   0x0000000c   Data   RO         3713    .constdata          nrf_log_backend_uart.o
    0x0002f1bc   0x0002f1bc   0x00000020   Data   RO         3714    .constdata          nrf_log_backend_uart.o
    0x0002f1dc   0x0002f1dc   0x00000028   Data   RO         3865    .constdata          nrf_log_frontend.o
    0x0002f204   0x0002f204   0x00000008   Data   RO         3866    .constdata          nrf_log_frontend.o
    0x0002f20c   0x0002f20c   0x00000060   Data   RO         3867    .constdata          nrf_log_frontend.o
    0x0002f26c   0x0002f26c   0x00000008   Data   RO         3868    .constdata          nrf_log_frontend.o
    0x0002f274   0x0002f274   0x00000008   Data   RO         3869    .constdata          nrf_log_frontend.o
    0x0002f27c   0x0002f27c   0x00000030   Data   RO         3870    .constdata          nrf_log_frontend.o
    0x0002f2ac   0x0002f2ac   0x00000008   Data   RO         3871    .constdata          nrf_log_frontend.o
    0x0002f2b4   0x0002f2b4   0x00000090   Data   RO         3872    .constdata          nrf_log_frontend.o
    0x0002f344   0x0002f344   0x00000010   Data   RO         3873    .constdata          nrf_log_frontend.o
    0x0002f354   0x0002f354   0x00000010   Data   RO         4204    .constdata          nrf_sdh.o
    0x0002f364   0x0002f364   0x00000028   Data   RO         4205    .constdata          nrf_sdh.o
    0x0002f38c   0x0002f38c   0x00000010   Data   RO         4206    .constdata          nrf_sdh.o
    0x0002f39c   0x0002f39c   0x00000010   Data   RO         4207    .constdata          nrf_sdh.o
    0x0002f3ac   0x0002f3ac   0x00000020   Data   RO         4313    .constdata          nrf_sdh_ble.o
    0x0002f3cc   0x0002f3cc   0x00000010   Data   RO         4314    .constdata          nrf_sdh_ble.o
    0x0002f3dc   0x0002f3dc   0x00000010   Data   RO         4386    .constdata          nrf_sdh_soc.o
    0x0002f3ec   0x0002f3ec   0x0000000c   Data   RO         4387    .constdata          nrf_sdh_soc.o
    0x0002f3f8   0x0002f3f8   0x00000081   Data   RO         4462    .constdata          mc_w.l(ctype_o.o)
    0x0002f479   0x0002f479   0x00000003   PAD
    0x0002f47c   0x0002f47c   0x00000004   Data   RO         4463    .constdata          mc_w.l(ctype_o.o)
    0x0002f480   0x0002f480   0x00000114   Data   RO           48    .conststring        cli.o
    0x0002f594   0x0002f594   0x00000058   Data   RO           49    .conststring        cli.o
    0x0002f5ec   0x0002f5ec   0x0000002e   Data   RO           50    .conststring        cli.o
    0x0002f61a   0x0002f61a   0x00000002   PAD
    0x0002f61c   0x0002f61c   0x00000084   Data   RO           51    .conststring        cli.o
    0x0002f6a0   0x0002f6a0   0x0000004f   Data   RO           52    .conststring        cli.o
    0x0002f6ef   0x0002f6ef   0x00000001   PAD
    0x0002f6f0   0x0002f6f0   0x00000067   Data   RO           53    .conststring        cli.o
    0x0002f757   0x0002f757   0x00000001   PAD
    0x0002f758   0x0002f758   0x00000033   Data   RO           54    .conststring        cli.o
    0x0002f78b   0x0002f78b   0x00000001   PAD
    0x0002f78c   0x0002f78c   0x00000027   Data   RO           55    .conststring        cli.o
    0x0002f7b3   0x0002f7b3   0x00000001   PAD
    0x0002f7b4   0x0002f7b4   0x0000001d   Data   RO           56    .conststring        cli.o
    0x0002f7d1   0x0002f7d1   0x00000003   PAD
    0x0002f7d4   0x0002f7d4   0x000001d1   Data   RO          420    .conststring        main.o
    0x0002f9a5   0x0002f9a5   0x00000003   PAD
    0x0002f9a8   0x0002f9a8   0x0000002b   Data   RO         2376    .conststring        nrf_balloc.o
    0x0002f9d3   0x0002f9d3   0x00000001   PAD
    0x0002f9d4   0x0002f9d4   0x00000027   Data   RO         2377    .conststring        nrf_balloc.o
    0x0002f9fb   0x0002f9fb   0x00000001   PAD
    0x0002f9fc   0x0002f9fc   0x0000008e   Data   RO         2378    .conststring        nrf_balloc.o
    0x0002fa8a   0x0002fa8a   0x00000002   PAD
    0x0002fa8c   0x0002fa8c   0x00000037   Data   RO         2522    .conststring        nrf_cli.o
    0x0002fac3   0x0002fac3   0x00000001   PAD
    0x0002fac4   0x0002fac4   0x0000006d   Data   RO         2523    .conststring        nrf_cli.o
    0x0002fb31   0x0002fb31   0x00000003   PAD
    0x0002fb34   0x0002fb34   0x00000065   Data   RO         2524    .conststring        nrf_cli.o
    0x0002fb99   0x0002fb99   0x00000003   PAD
    0x0002fb9c   0x0002fb9c   0x00000052   Data   RO         2525    .conststring        nrf_cli.o
    0x0002fbee   0x0002fbee   0x00000002   PAD
    0x0002fbf0   0x0002fbf0   0x0000004c   Data   RO         2526    .conststring        nrf_cli.o
    0x0002fc3c   0x0002fc3c   0x00000016   Data   RO         2527    .conststring        nrf_cli.o
    0x0002fc52   0x0002fc52   0x00000002   PAD
    0x0002fc54   0x0002fc54   0x00000028   Data   RO         2528    .conststring        nrf_cli.o
    0x0002fc7c   0x0002fc7c   0x0000001c   Data   RO         2529    .conststring        nrf_cli.o
    0x0002fc98   0x0002fc98   0x000000a7   Data   RO         2530    .conststring        nrf_cli.o
    0x0002fd3f   0x0002fd3f   0x00000001   PAD
    0x0002fd40   0x0002fd40   0x00000003   Data   RO         2531    .conststring        nrf_cli.o
    0x0002fd43   0x0002fd43   0x00000001   PAD
    0x0002fd44   0x0002fd44   0x0000004f   Data   RO         3067    .conststring        nrf_fstorage.o
    0x0002fd93   0x0002fd93   0x00000001   PAD
    0x0002fd94   0x0002fd94   0x00000021   Data   RO         3433    .conststring        nrf_queue.o
    0x0002fdb5   0x0002fdb5   0x00000003   PAD
    0x0002fdb8   0x0002fdb8   0x00000006   Data   RO         3434    .conststring        nrf_queue.o
    0x0002fdbe   0x0002fdbe   0x00000002   PAD
    0x0002fdc0   0x0002fdc0   0x0000007c   Data   RO         3435    .conststring        nrf_queue.o
    0x0002fe3c   0x0002fe3c   0x000003eb   Data   RO         3638    .conststring        nrf_strerror.o
    0x00030227   0x00030227   0x00000001   PAD
    0x00030228   0x00030228   0x00000026   Data   RO         3874    .conststring        nrf_log_frontend.o
    0x0003024e   0x0003024e   0x00000002   PAD
    0x00030250   0x00030250   0x00000139   Data   RO         3875    .conststring        nrf_log_frontend.o
    0x00030389   0x00030389   0x00000003   PAD
    0x0003038c   0x0003038c   0x00000076   Data   RO         3876    .conststring        nrf_log_frontend.o
    0x00030402   0x00030402   0x00000002   PAD
    0x00030404   0x00030404   0x00000066   Data   RO         3877    .conststring        nrf_log_frontend.o
    0x0003046a   0x0003046a   0x00000002   PAD
    0x0003046c   0x0003046c   0x00000024   Data   RO         3878    .conststring        nrf_log_frontend.o
    0x00030490   0x00030490   0x00000048   Data   RO         4146    .conststring        nrf_log_str_formatter.o
    0x000304d8   0x000304d8   0x00000188   Data   RO         4315    .conststring        nrf_sdh_ble.o
    0x00030660   0x00030660   0x0000009b   Data   RO           57    .conststrlit        cli.o
    0x000306fb   0x000306fb   0x00000001   PAD
    0x000306fc   0x000306fc   0x00000004   Data   RO          876    .conststrlit        nrfx_prs.o
    0x00030700   0x00030700   0x00000005   Data   RO          975    .conststrlit        nrfx_uart.o
    0x00030705   0x00030705   0x00000003   PAD
    0x00030708   0x00030708   0x00000006   Data   RO         1173    .conststrlit        nrfx_uarte.o
    0x0003070e   0x0003070e   0x00000002   PAD
    0x00030710   0x00030710   0x0000000f   Data   RO         1830    .conststrlit        fds.o
    0x0003071f   0x0003071f   0x00000001   PAD
    0x00030720   0x00030720   0x00000009   Data   RO         2893    .conststrlit        nrf_cli_uart.o
    0x00030729   0x00030729   0x00000003   PAD
    0x0003072c   0x0003072c   0x0000000d   Data   RO         3068    .conststrlit        nrf_fstorage.o
    0x00030739   0x00030739   0x00000003   PAD
    0x0003073c   0x0003073c   0x0000000e   Data   RO         3159    .conststrlit        nrf_fstorage_sd.o
    0x0003074a   0x0003074a   0x00000002   PAD
    0x0003074c   0x0003074c   0x00000009   Data   RO         3349    .conststrlit        nrf_pwr_mgmt.o
    0x00030755   0x00030755   0x00000003   PAD
    0x00030758   0x00030758   0x00000011   Data   RO         3773    .conststrlit        nrf_log_default_backends.o
    0x00030769   0x00030769   0x00000003   PAD
    0x0003076c   0x0003076c   0x00000024   Data   RO         3879    .conststrlit        nrf_log_frontend.o
    0x00030790   0x00030790   0x00000008   Data   RO         4208    .conststrlit        nrf_sdh.o
    0x00030798   0x00030798   0x0000000c   Data   RO         4316    .conststrlit        nrf_sdh_ble.o
    0x000307a4   0x000307a4   0x0000000c   Data   RO         4388    .conststrlit        nrf_sdh_soc.o
    0x000307b0   0x000307b0   0x00000020   Data   RO         4542    Region$$Table       anon$$obj.o
    0x000307d0   0x000307d0   0x00000038   Data   RO           63    cli_command         cli.o
    0x00030808   0x00030808   0x00000008   Data   RO         2379    cli_command         nrf_balloc.o
    0x00030810   0x00030810   0x00000020   Data   RO         2533    cli_command         nrf_cli.o
    0x00030830   0x00030830   0x00000008   Data   RO         3436    cli_command         nrf_queue.o
    0x00030838   0x00030838   0x00000008   Data   RO         3883    cli_command         nrf_log_frontend.o
    0x00030840   0x00030840   0x00000010   Data   RO           65    log_backends        cli.o
    0x00030850   0x00030850   0x00000010   Data   RO         3775    log_backends        nrf_log_default_backends.o
    0x00030860   0x00030860   0x00000010   Data   RO           66    log_const_data      cli.o
    0x00030870   0x00030870   0x00000008   Data   RO          878    log_const_data      nrfx_prs.o
    0x00030878   0x00030878   0x00000008   Data   RO          976    log_const_data      nrfx_uart.o
    0x00030880   0x00030880   0x00000008   Data   RO         1174    log_const_data      nrfx_uarte.o
    0x00030888   0x00030888   0x00000008   Data   RO         1834    log_const_data      fds.o
    0x00030890   0x00030890   0x00000008   Data   RO         2894    log_const_data      nrf_cli_uart.o
    0x00030898   0x00030898   0x00000008   Data   RO         3069    log_const_data      nrf_fstorage.o
    0x000308a0   0x000308a0   0x00000008   Data   RO         3162    log_const_data      nrf_fstorage_sd.o
    0x000308a8   0x000308a8   0x00000008   Data   RO         3351    log_const_data      nrf_pwr_mgmt.o
    0x000308b0   0x000308b0   0x00000010   Data   RO         3885    log_const_data      nrf_log_frontend.o
    0x000308c0   0x000308c0   0x00000008   Data   RO         4210    log_const_data      nrf_sdh.o
    0x000308c8   0x000308c8   0x00000008   Data   RO         4318    log_const_data      nrf_sdh_ble.o
    0x000308d0   0x000308d0   0x00000008   Data   RO         4389    log_const_data      nrf_sdh_soc.o
    0x000308d8   0x000308d8   0x0000001c   Data   RO           69    nrf_balloc          cli.o
    0x000308f4   0x000308f4   0x0000001c   Data   RO         3888    nrf_balloc          nrf_log_frontend.o
    0x00030910   0x00030910   0x0000001c   Data   RO           70    nrf_queue           cli.o
    0x0003092c   0x0003092c   0x00000008   Data   RO         3165    sdh_req_observers0  nrf_fstorage_sd.o
    0x00030934   0x00030934   0x00000008   Data   RO         3166    sdh_soc_observers0  nrf_fstorage_sd.o
    0x0003093c   0x0003093c   0x00000008   Data   RO         4321    sdh_stack_observers0  nrf_sdh_ble.o
    0x00030944   0x00030944   0x00000008   Data   RO         4392    sdh_stack_observers0  nrf_sdh_soc.o
    0x0003094c   0x0003094c   0x00000008   Data   RO         3167    sdh_state_observers0  nrf_fstorage_sd.o


    Execution Region RW_IRAM1 (Exec base: 0x20002210, Load base: 0x00030954, Size: 0x00005020, Max: 0x0003ddf0, ABSOLUTE, COMPRESSED[0x000000c0])

    Exec Addr    Load Addr    Size         Type   Attr      Idx    E Section Name        Object

    0x20002210   COMPRESSED   0x00000018   Data   RW           58    .data               cli.o
    0x20002228   COMPRESSED   0x0000000c   Data   RW           59    .data               cli.o
    0x20002234   COMPRESSED   0x00000008   Data   RW           60    .data               cli.o
    0x2000223c   COMPRESSED   0x00000008   Data   RW           61    .data               cli.o
    0x20002244   COMPRESSED   0x00000008   Data   RW           62    .data               cli.o
    0x2000224c   COMPRESSED   0x00000074   Data   RW          421    .data               main.o
    0x200022c0   COMPRESSED   0x00000014   Data   RW          683    .data               nrf_drv_uart.o
    0x200022d4   COMPRESSED   0x00000008   Data   RW          877    .data               nrfx_prs.o
    0x200022dc   COMPRESSED   0x00000014   Data   RW         1520    .data               app_timer.o
    0x200022f0   COMPRESSED   0x00000014   Data   RW         1831    .data               fds.o
    0x20002304   COMPRESSED   0x00000030   Data   RW         1832    .data               fds.o
    0x20002334   COMPRESSED   0x00000004   Data   RW         2532    .data               nrf_cli.o
    0x20002338   COMPRESSED   0x00000014   Data   RW         3160    .data               nrf_fstorage_sd.o
    0x2000234c   COMPRESSED   0x00000008   Data   RW         3161    .data               nrf_fstorage_sd.o
    0x20002354   COMPRESSED   0x00000018   Data   RW         3715    .data               nrf_log_backend_uart.o
    0x2000236c   COMPRESSED   0x00000008   Data   RW         3774    .data               nrf_log_default_backends.o
    0x20002374   COMPRESSED   0x00000028   Data   RW         3880    .data               nrf_log_frontend.o
    0x2000239c   COMPRESSED   0x00000008   Data   RW         3881    .data               nrf_log_frontend.o
    0x200023a4   COMPRESSED   0x00000008   Data   RW         3882    .data               nrf_log_frontend.o
    0x200023ac   COMPRESSED   0x00000040   Data   RW         4147    .data               nrf_log_str_formatter.o
    0x200023ec   COMPRESSED   0x00000003   Data   RW         4209    .data               nrf_sdh.o
    0x200023ef   COMPRESSED   0x00000001   Data   RW         4317    .data               nrf_sdh_ble.o
    0x200023f0   COMPRESSED   0x00000004   Data   RW         4427    .data               system_nrf52840.o
    0x200023f4   COMPRESSED   0x00000004   Data   RW         4532    .data               mc_w.l(errno.o)
    0x200023f8   COMPRESSED   0x0000001c   Data   RW           64    cli_sorted_cmd_ptrs  cli.o
    0x20002414   COMPRESSED   0x00000004   Data   RW         2380    cli_sorted_cmd_ptrs  nrf_balloc.o
    0x20002418   COMPRESSED   0x00000010   Data   RW         2534    cli_sorted_cmd_ptrs  nrf_cli.o
    0x20002428   COMPRESSED   0x00000004   Data   RW         3437    cli_sorted_cmd_ptrs  nrf_queue.o
    0x2000242c   COMPRESSED   0x00000004   Data   RW         3884    cli_sorted_cmd_ptrs  nrf_log_frontend.o
    0x20002430   COMPRESSED   0x00000014   Data   RW         1833    fs_data             fds.o
    0x20002444   COMPRESSED   0x00000008   Data   RW           67    log_dynamic_data    cli.o
    0x2000244c   COMPRESSED   0x00000004   Data   RW          879    log_dynamic_data    nrfx_prs.o
    0x20002450   COMPRESSED   0x00000004   Data   RW          977    log_dynamic_data    nrfx_uart.o
    0x20002454   COMPRESSED   0x00000004   Data   RW         1175    log_dynamic_data    nrfx_uarte.o
    0x20002458   COMPRESSED   0x00000004   Data   RW         1835    log_dynamic_data    fds.o
    0x2000245c   COMPRESSED   0x00000004   Data   RW         2895    log_dynamic_data    nrf_cli_uart.o
    0x20002460   COMPRESSED   0x00000004   Data   RW         3070    log_dynamic_data    nrf_fstorage.o
    0x20002464   COMPRESSED   0x00000004   Data   RW         3163    log_dynamic_data    nrf_fstorage_sd.o
    0x20002468   COMPRESSED   0x00000004   Data   RW         3352    log_dynamic_data    nrf_pwr_mgmt.o
    0x2000246c   COMPRESSED   0x00000008   Data   RW         3886    log_dynamic_data    nrf_log_frontend.o
    0x20002474   COMPRESSED   0x00000004   Data   RW         4211    log_dynamic_data    nrf_sdh.o
    0x20002478   COMPRESSED   0x00000004   Data   RW         4319    log_dynamic_data    nrf_sdh_ble.o
    0x2000247c   COMPRESSED   0x00000004   Data   RW         4390    log_dynamic_data    nrf_sdh_soc.o
    0x20002480   COMPRESSED   0x00000008   Data   RW           68    log_filter_data     cli.o
    0x20002488   COMPRESSED   0x00000004   Data   RW          880    log_filter_data     nrfx_prs.o
    0x2000248c   COMPRESSED   0x00000004   Data   RW          978    log_filter_data     nrfx_uart.o
    0x20002490   COMPRESSED   0x00000004   Data   RW         1176    log_filter_data     nrfx_uarte.o
    0x20002494   COMPRESSED   0x00000004   Data   RW         1836    log_filter_data     fds.o
    0x20002498   COMPRESSED   0x00000004   Data   RW         2896    log_filter_data     nrf_cli_uart.o
    0x2000249c   COMPRESSED   0x00000004   Data   RW         3071    log_filter_data     nrf_fstorage.o
    0x200024a0   COMPRESSED   0x00000004   Data   RW         3164    log_filter_data     nrf_fstorage_sd.o
    0x200024a4   COMPRESSED   0x00000004   Data   RW         3353    log_filter_data     nrf_pwr_mgmt.o
    0x200024a8   COMPRESSED   0x00000008   Data   RW         3887    log_filter_data     nrf_log_frontend.o
    0x200024b0   COMPRESSED   0x00000004   Data   RW         4212    log_filter_data     nrf_sdh.o
    0x200024b4   COMPRESSED   0x00000004   Data   RW         4320    log_filter_data     nrf_sdh_ble.o
    0x200024b8   COMPRESSED   0x00000004   Data   RW         4391    log_filter_data     nrf_sdh_soc.o
    0x200024bc        -       0x00000020   Zero   RW           22    .bss                cli.o
    0x200024dc        -       0x00000118   Zero   RW           23    .bss                cli.o
    0x200025f4        -       0x00000040   Zero   RW           24    .bss                cli.o
    0x20002634        -       0x00000018   Zero   RW           25    .bss                cli.o
    0x2000264c        -       0x00000010   Zero   RW           26    .bss                cli.o
    0x2000265c        -       0x00000018   Zero   RW           27    .bss                cli.o
    0x20002674        -       0x0000002c   Zero   RW           28    .bss                cli.o
    0x200026a0        -       0x0000014c   Zero   RW           29    .bss                cli.o
    0x200027ec        -       0x00000014   Zero   RW           30    .bss                cli.o
    0x20002800        -       0x0000000c   Zero   RW           31    .bss                cli.o
    0x2000280c        -       0x00000180   Zero   RW           32    .bss                cli.o
    0x2000298c        -       0x0000002c   Zero   RW          970    .bss                nrfx_uart.o
    0x200029b8        -       0x00000024   Zero   RW         1168    .bss                nrfx_uarte.o
    0x200029dc        -       0x0000010c   Zero   RW         1518    .bss                app_timer.o
    0x20002ae8        -       0x0000000c   Zero   RW         1687    .bss                app_util_platform.o
    0x20002af4        -       0x000000e0   Zero   RW         1828    .bss                fds.o
    0x20002bd4        -       0x000000a0   Zero   RW         3156    .bss                nrf_fstorage_sd.o
    0x20002c74        -       0x00000040   Zero   RW         3712    .bss                nrf_log_backend_uart.o
    0x20002cb4        -       0x000000c0   Zero   RW         3861    .bss                nrf_log_frontend.o
    0x20002d74        -       0x00000080   Zero   RW         3862    .bss                nrf_log_frontend.o
    0x20002df4        -       0x00000018   Zero   RW         3863    .bss                nrf_log_frontend.o
    0x20002e0c        -       0x00000424   Zero   RW         3864    .bss                nrf_log_frontend.o
    0x20003230        -       0x00004000   Zero   RW         4415    STACK               arm_startup_nrf52840.o


==============================================================================

Image component sizes


      Code (inc. data)   RO Data    RW Data    ZI Data      Debug   Object Name

        22          0          0          0          0       2441   app_error.o
       148         50          0          0          0      46850   app_error_weak.o
         0          0          0          0          0      37098   app_scheduler.o
      1510        118          6         20        268      84659   app_timer.o
       124         14          0          0         12       9558   app_util_platform.o
        36          8        512          0      16384        928   arm_startup_nrf52840.o
         0          0          0          0          0      42960   boards.o
      2224        844       1450        104       1232     108448   cli.o
        54          0          0          0          0       1392   crc16.o
      3782        326         47         96        224      51382   fds.o
      1492        702        477        116          0       7325   main.o
       342          0          0          0          0       6654   nrf_atfifo.o
       338          0          0          0          0      10718   nrf_atomic.o
       364         32        288          4          0      20827   nrf_balloc.o
      8682        880       1142         20          0      79804   nrf_cli.o
       598         38         37          8          0      34123   nrf_cli_uart.o
       200         26          0         20          0      17792   nrf_drv_uart.o
        50          0          0          0          0       1961   nrf_fprintf.o
       866          4         16          0          0       5474   nrf_fprintf_format.o
      1044        442        194          8          0       8405   nrf_fstorage.o
       798         82         94         36        160      20046   nrf_fstorage_sd.o
       200          0          0          0          0      10861   nrf_log_backend_serial.o
       226         44         44         24         64       9246   nrf_log_backend_uart.o
         0          0         33          8          0       2509   nrf_log_default_backends.o
      4046       1018       1071         76       1404      64383   nrf_log_frontend.o
       570        108         72         64          0       5616   nrf_log_str_formatter.o
       346          0          0          0          0       9511   nrf_memobj.o
         2          0         17          8          0       4377   nrf_pwr_mgmt.o
       680         56        227          4          0      10247   nrf_queue.o
       576          0          0          0          0       7562   nrf_ringbuf.o
       552         60        104         11          0      41811   nrf_sdh.o
       732        238        468          9          0      50340   nrf_sdh_ble.o
        60          4         56          8          0       2639   nrf_sdh_soc.o
        78          0          0          0          0       2756   nrf_section_iter.o
        76         10       1319          0          0       2715   nrf_strerror.o
       112         16         12         16          0       6799   nrfx_prs.o
      1618         52         17          8         44      62805   nrfx_uart.o
      1474         60         18          8         36      28292   nrfx_uarte.o
       476         60          0          4          0       2331   system_nrf52840.o

    ----------------------------------------------------------------------
     34542       5292       7836        680      19828     923645   Object Totals
         0          0         32          0          0          0   (incl. Generated)
        44          0         83          0          0          0   (incl. Padding)

    ----------------------------------------------------------------------

      Code (inc. data)   RO Data    RW Data    ZI Data      Debug   Library Member Name

        86          0          0          0          0          0   __dczerorl2.o
        28          0          0          0          0         68   _chval.o
       158          0          0          0          0         92   _strtoul.o
         8          4        133          0          0         68   ctype_o.o
         0          0          0          0          0          0   entry.o
         0          0          0          0          0          0   entry10a.o
         0          0          0          0          0          0   entry11a.o
         8          4          0          0          0          0   entry2.o
         4          0          0          0          0          0   entry5.o
         0          0          0          0          0          0   entry7b.o
         0          0          0          0          0          0   entry8b.o
         8          4          0          0          0          0   entry9a.o
         8          4          0          4          0         68   errno.o
        30          0          0          0          0          0   handlers.o
        36          8          0          0          0         68   init.o
        64          0          0          0          0         76   memmovea.o
        36          0          0          0          0        108   memseta.o
       156          0          0          0          0         88   qsort.o
        28          0          0          0          0         76   strcmp.o
        18          0          0          0          0         68   strcpy.o
        14          0          0          0          0         68   strlen.o
        30          0          0          0          0         80   strncmp.o
       112          0          0          0          0         88   strtol.o

    ----------------------------------------------------------------------
       834         24        136          4          0       1016   Library Totals
         2          0          3          0          0          0   (incl. Padding)

    ----------------------------------------------------------------------

      Code (inc. data)   RO Data    RW Data    ZI Data      Debug   Library Name

       832         24        133          4          0       1016   mc_w.l

    ----------------------------------------------------------------------
       834         24        136          4          0       1016   Library Totals

    ----------------------------------------------------------------------

==============================================================================


      Code (inc. data)   RO Data    RW Data    ZI Data      Debug   

     35376       5316       7972        684      19828     887929   Grand Totals
     35376       5316       7972        192      19828     887929   ELF Image Totals (compressed)
     35376       5316       7972        192          0          0   ROM Totals

==============================================================================

    Total RO  Size (Code + RO Data)                43348 (  42.33kB)
    Total RW  Size (RW Data + ZI Data)             20512 (  20.03kB)
    Total ROM Size (Code + RO Data + RW Data)      43540 (  42.52kB)

==============================================================================

